Archive member included to satisfy reference by file (symbol)

C:/Users/one/AppData/Local/stm32cube/bundles/gnu-tools-for-stm32/13.3.1+st.9/bin/../lib/gcc/arm-none-eabi/13.3.1/thumb/v6-m/nofp\libgcc.a(_udivsi3.o)
                              cmake/stm32cubemx/CMakeFiles/STM32_Drivers.dir/__/__/Core/Src/system_stm32l0xx.c.obj (__aeabi_uidiv)
C:/Users/one/AppData/Local/stm32cube/bundles/gnu-tools-for-stm32/13.3.1+st.9/bin/../lib/gcc/arm-none-eabi/13.3.1/thumb/v6-m/nofp\libgcc.a(_dvmd_tls.o)
                              C:/Users/one/AppData/Local/stm32cube/bundles/gnu-tools-for-stm32/13.3.1+st.9/bin/../lib/gcc/arm-none-eabi/13.3.1/thumb/v6-m/nofp\libgcc.a(_udivsi3.o) (__aeabi_idiv0)
C:/Users/one/AppData/Local/stm32cube/bundles/gnu-tools-for-stm32/13.3.1+st.9/bin/../lib/gcc/arm-none-eabi/13.3.1/thumb/v6-m/nofp\libgcc.a(_arm_cmpsf2.o)
                              CMakeFiles/charge_switch.dir/Core/Src/adc.c.obj (__aeabi_fcmplt)
C:/Users/one/AppData/Local/stm32cube/bundles/gnu-tools-for-stm32/13.3.1+st.9/bin/../lib/gcc/arm-none-eabi/13.3.1/thumb/v6-m/nofp\libgcc.a(_aeabi_uldivmod.o)
                              cmake/stm32cubemx/CMakeFiles/STM32_Drivers.dir/__/__/Drivers/STM32L0xx_HAL_Driver/Src/stm32l0xx_hal_uart.c.obj (__aeabi_uldivmod)
C:/Users/one/AppData/Local/stm32cube/bundles/gnu-tools-for-stm32/13.3.1+st.9/bin/../lib/gcc/arm-none-eabi/13.3.1/thumb/v6-m/nofp\libgcc.a(_udivmoddi4.o)
                              C:/Users/one/AppData/Local/stm32cube/bundles/gnu-tools-for-stm32/13.3.1+st.9/bin/../lib/gcc/arm-none-eabi/13.3.1/thumb/v6-m/nofp\libgcc.a(_aeabi_uldivmod.o) (__udivmoddi4)
C:/Users/one/AppData/Local/stm32cube/bundles/gnu-tools-for-stm32/13.3.1+st.9/bin/../lib/gcc/arm-none-eabi/13.3.1/thumb/v6-m/nofp\libgcc.a(addsf3.o)
                              CMakeFiles/charge_switch.dir/Core/Src/main.c.obj (__aeabi_fadd)
C:/Users/one/AppData/Local/stm32cube/bundles/gnu-tools-for-stm32/13.3.1+st.9/bin/../lib/gcc/arm-none-eabi/13.3.1/thumb/v6-m/nofp\libgcc.a(divsf3.o)
                              CMakeFiles/charge_switch.dir/Core/Src/main.c.obj (__aeabi_fdiv)
C:/Users/one/AppData/Local/stm32cube/bundles/gnu-tools-for-stm32/13.3.1+st.9/bin/../lib/gcc/arm-none-eabi/13.3.1/thumb/v6-m/nofp\libgcc.a(eqsf2.o)
                              C:/Users/one/AppData/Local/stm32cube/bundles/gnu-tools-for-stm32/13.3.1+st.9/bin/../lib/gcc/arm-none-eabi/13.3.1/thumb/v6-m/nofp\libgcc.a(_arm_cmpsf2.o) (__eqsf2)
C:/Users/one/AppData/Local/stm32cube/bundles/gnu-tools-for-stm32/13.3.1+st.9/bin/../lib/gcc/arm-none-eabi/13.3.1/thumb/v6-m/nofp\libgcc.a(gesf2.o)
                              C:/Users/one/AppData/Local/stm32cube/bundles/gnu-tools-for-stm32/13.3.1+st.9/bin/../lib/gcc/arm-none-eabi/13.3.1/thumb/v6-m/nofp\libgcc.a(_arm_cmpsf2.o) (__gesf2)
C:/Users/one/AppData/Local/stm32cube/bundles/gnu-tools-for-stm32/13.3.1+st.9/bin/../lib/gcc/arm-none-eabi/13.3.1/thumb/v6-m/nofp\libgcc.a(lesf2.o)
                              C:/Users/one/AppData/Local/stm32cube/bundles/gnu-tools-for-stm32/13.3.1+st.9/bin/../lib/gcc/arm-none-eabi/13.3.1/thumb/v6-m/nofp\libgcc.a(_arm_cmpsf2.o) (__lesf2)
C:/Users/one/AppData/Local/stm32cube/bundles/gnu-tools-for-stm32/13.3.1+st.9/bin/../lib/gcc/arm-none-eabi/13.3.1/thumb/v6-m/nofp\libgcc.a(mulsf3.o)
                              CMakeFiles/charge_switch.dir/Core/Src/main.c.obj (__aeabi_fmul)
C:/Users/one/AppData/Local/stm32cube/bundles/gnu-tools-for-stm32/13.3.1+st.9/bin/../lib/gcc/arm-none-eabi/13.3.1/thumb/v6-m/nofp\libgcc.a(subsf3.o)
                              CMakeFiles/charge_switch.dir/Core/Src/adc.c.obj (__aeabi_fsub)
C:/Users/one/AppData/Local/stm32cube/bundles/gnu-tools-for-stm32/13.3.1+st.9/bin/../lib/gcc/arm-none-eabi/13.3.1/thumb/v6-m/nofp\libgcc.a(fixsfsi.o)
                              CMakeFiles/charge_switch.dir/Core/Src/adc.c.obj (__aeabi_f2iz)
C:/Users/one/AppData/Local/stm32cube/bundles/gnu-tools-for-stm32/13.3.1+st.9/bin/../lib/gcc/arm-none-eabi/13.3.1/thumb/v6-m/nofp\libgcc.a(floatsisf.o)
                              CMakeFiles/charge_switch.dir/Core/Src/adc.c.obj (__aeabi_i2f)
C:/Users/one/AppData/Local/stm32cube/bundles/gnu-tools-for-stm32/13.3.1+st.9/bin/../lib/gcc/arm-none-eabi/13.3.1/thumb/v6-m/nofp\libgcc.a(floatunsisf.o)
                              CMakeFiles/charge_switch.dir/Core/Src/main.c.obj (__aeabi_ui2f)
C:/Users/one/AppData/Local/stm32cube/bundles/gnu-tools-for-stm32/13.3.1+st.9/bin/../lib/gcc/arm-none-eabi/13.3.1/thumb/v6-m/nofp\libgcc.a(_clzsi2.o)
                              C:/Users/one/AppData/Local/stm32cube/bundles/gnu-tools-for-stm32/13.3.1+st.9/bin/../lib/gcc/arm-none-eabi/13.3.1/thumb/v6-m/nofp\libgcc.a(addsf3.o) (__clzsi2)
C:/Users/one/AppData/Local/stm32cube/bundles/gnu-tools-for-stm32/13.3.1+st.9/bin/../lib/gcc/arm-none-eabi/13.3.1/thumb/v6-m/nofp\libgcc.a(_clzdi2.o)
[...]
Memory Configuration

Name             Origin             Length             Attributes
RAM              0x20000000         0x00002000         xrw
FLASH            0x08000000         0x00010000         xr
*default*        0x00000000         0xffffffff

Linker script and memory map

LOAD C:/Users/one/AppData/Local/stm32cube/bundles/gnu-tools-for-stm32/13.3.1+st.9/bin/../lib/gcc/arm-none-eabi/13.3.1/thumb/v6-m/nofp/crti.o
LOAD C:/Users/one/AppData/Local/stm32cube/bundles/gnu-tools-for-stm32/13.3.1+st.9/bin/../lib/gcc/arm-none-eabi/13.3.1/thumb/v6-m/nofp/crtbegin.o
LOAD C:/Users/one/AppData/Local/stm32cube/bundles/gnu-tools-for-stm32/13.3.1+st.9/bin/../lib/gcc/arm-none-eabi/13.3.1/../../../../arm-none-eabi/lib/thumb/v6-m/nofp/crt0.o
LOAD cmake/stm32cubemx/CMakeFiles/STM32_Drivers.dir/__/__/Core/Src/system_stm32l0xx.c.obj
LOAD cmake/stm32cubemx/CMakeFiles/STM32_Drivers.dir/__/__/Drivers/STM32L0xx_HAL_Driver/Src/stm32l0xx_hal_adc.c.obj
LOAD cmake/stm32cubemx/CMakeFiles/STM32_Drivers.dir/__/__/Drivers/STM32L0xx_HAL_Driver/Src/stm32l0xx_hal_adc_ex.c.obj
LOAD cmake/stm32cubemx/CMakeFiles/STM32_Drivers.dir/__/__/Drivers/STM32L0xx_HAL_Driver/Src/stm32l0xx_hal.c.obj
LOAD cmake/stm32cubemx/CMakeFiles/STM32_Drivers.dir/__/__/Drivers/STM32L0xx_HAL_Driver/Src/stm32l0xx_hal_iwdg.c.obj
LOAD cmake/stm32cubemx/CMakeFiles/STM32_Drivers.dir/__/__/Drivers/STM32L0xx_HAL_Driver/Src/stm32l0xx_hal_i2c.c.obj
LOAD cmake/stm32cubemx/CMakeFiles/STM32_Drivers.dir/__/__/Drivers/STM32L0xx_HAL_Driver/Src/stm32l0xx_hal_i2c_ex.c.obj
LOAD cmake/stm32cubemx/CMakeFiles/STM32_Drivers.dir/__/__/Drivers/STM32L0xx_HAL_Driver/Src/stm32l0xx_hal_rcc.c.obj
LOAD cmake/stm32cubemx/CMakeFiles/STM32_Drivers.dir/__/__/Drivers/STM32L0xx_HAL_Driver/Src/stm32l0xx_hal_rcc_ex.c.obj
LOAD cmake/stm32cubemx/CMakeFiles/STM32_Drivers.dir/__/__/Drivers/STM32L0xx_HAL_Driver/Src/stm32l0xx_hal_flash_ramfunc.c.obj
LOAD cmake/stm32cubemx/CMakeFiles/STM32_Drivers.dir/__/__/Drivers/STM32L0xx_HAL_Driver/Src/stm32l0xx_hal_flash.c.obj
LOAD cmake/stm32cubemx/CMakeFiles/STM32_Drivers.dir/__/__/Drivers/STM32L0xx_HAL_Driver/Src/stm32l0xx_hal_flash_ex.c.obj
LOAD cmake/stm32cubemx/CMakeFiles/STM32_Drivers.dir/__/__/Drivers/STM32L0xx_HAL_Driver/Src/stm32l0xx_hal_gpio.c.obj
LOAD cmake/stm32cubemx/CMakeFiles/STM32_Drivers.dir/__/__/Drivers/STM32L0xx_HAL_Driver/Src/stm32l0xx_hal_dma.c.obj
LOAD cmake/stm32cubemx/CMakeFiles/STM32_Drivers.dir/__/__/Drivers/STM32L0xx_HAL_Driver/Src/stm32l0xx_hal_pwr.c.obj
LOAD cmake/stm32cubemx/CMakeFiles/STM32_Drivers.dir/__/__/Drivers/STM32L0xx_HAL_Driver/Src/stm32l0xx_hal_pwr_ex.c.obj
LOAD cmake/stm32cubemx/CMakeFiles/STM32_Drivers.dir/__/__/Drivers/STM32L0xx_HAL_Driver/Src/stm32l0xx_hal_cortex.c.obj
LOAD cmake/stm32cubemx/CMakeFiles/STM32_Drivers.dir/__/__/Drivers/STM32L0xx_HAL_Driver/Src/stm32l0xx_hal_exti.c.obj
LOAD cmake/stm32cubemx/CMakeFiles/STM32_Drivers.dir/__/__/Drivers/STM32L0xx_HAL_Driver/Src/stm32l0xx_hal_tim.c.obj
LOAD cmake/stm32cubemx/CMakeFiles/STM32_Drivers.dir/__/__/Drivers/STM32L0xx_HAL_Driver/Src/stm32l0xx_hal_tim_ex.c.obj
LOAD cmake/stm32cubemx/CMakeFiles/STM32_Drivers.dir/__/__/Drivers/STM32L0xx_HAL_Driver/Src/stm32l0xx_hal_uart.c.obj
LOAD cmake/stm32cubemx/CMakeFiles/STM32_Drivers.dir/__/__/Drivers/STM32L0xx_HAL_Driver/Src/stm32l0xx_hal_uart_ex.c.obj
LOAD CMakeFiles/charge_switch.dir/Core/Src/main.c.obj
LOAD CMakeFiles/charge_switch.dir/Core/Src/gpio.c.obj
LOAD CMakeFiles/charge_switch.dir/Core/Src/adc.c.obj
LOAD CMakeFiles/charge_switch.dir/Core/Src/dma.c.obj
LOAD CMakeFiles/charge_switch.dir/Core/Src/tim.c.obj
LOAD CMakeFiles/charge_switch.dir/Core/Src/usart.c.obj
LOAD CMakeFiles/charge_switch.dir/Core/Src/stm32l0xx_it.c.obj
LOAD CMakeFiles/charge_switch.dir/Core/Src/stm32l0xx_hal_msp.c.obj
LOAD CMakeFiles/charge_switch.dir/Core/Src/sysmem.c.obj
LOAD CMakeFiles/charge_switch.dir/Core/Src/syscalls.c.obj
LOAD CMakeFiles/charge_switch.dir/startup_stm32l051xx.s.obj
LOAD C:/Users/one/AppData/Local/stm32cube/bundles/gnu-tools-for-stm32/13.3.1+st.9/bin/../lib/gcc/arm-none-eabi/13.3.1/../../../../arm-none-eabi/lib/thumb/v6-m/nofp\libm.a
START GROUP
LOAD C:/Users/one/AppData/Local/stm32cube/bundles/gnu-tools-for-stm32/13.3.1+st.9/bin/../lib/gcc/arm-none-eabi/13.3.1/thumb/v6-m/nofp\libgcc.a
LOAD C:/Users/one/AppData/Local/stm32cube/bundles/gnu-tools-for-stm32/13.3.1+st.9/bin/../lib/gcc/arm-none-eabi/13.3.1/../../../../arm-none-eabi/lib/thumb/v6-m/nofp\libg_nano.a
LOAD C:/Users/one/AppData/Local/stm32cube/bundles/gnu-tools-for-stm32/13.3.1+st.9/bin/../lib/gcc/arm-none-eabi/13.3.1/../../../../arm-none-eabi/lib/thumb/v6-m/nofp\libc_nano.a
END GROUP
START GROUP
LOAD C:/Users/one/AppData/Local/stm32cube/bundles/gnu-tools-for-stm32/13.3.1+st.9/bin/../lib/gcc/arm-none-eabi/13.3.1/thumb/v6-m/nofp\libgcc.a
LOAD C:/Users/one/AppData/Local/stm32cube/bundles/gnu-tools-for-stm32/13.3.1+st.9/bin/../lib/gcc/arm-none-eabi/13.3.1/../../../../arm-none-eabi/lib/thumb/v6-m/nofp\libc_nano.a
END GROUP
LOAD C:/Users/one/AppData/Local/stm32cube/bundles/gnu-tools-for-stm32/13.3.1+st.9/bin/../lib/gcc/arm-none-eabi/13.3.1/thumb/v6-m/nofp/crtend.o
LOAD C:/Users/one/AppData/Local/stm32cube/bundles/gnu-tools-for-stm32/13.3.1+st.9/bin/../lib/gcc/arm-none-eabi/13.3.1/thumb/v6-m/nofp/crtn.o
                0x20002000                        _estack = (ORIGIN (RAM) + LENGTH (RAM))
                0x00000200                        _Min_Heap_Size = 0x200
                0x00000400                        _Min_Stack_Size = 0x400

.isr_vector     0x08000000       0xc0
                0x08000000                        . = ALIGN (0x4)
 *(.isr_vector)
 .isr_vector    0x08000000       0xc0 CMakeFiles/charge_switch.dir/startup_stm32l051xx.s.obj
                0x08000000                g_pfnVectors
                0x080000c0                        . = ALIGN (0x4)

.text           0x080000c0     0xbd20
                0x080000c0                        . = ALIGN (0x4)
 *(.text)
 .text          0x080000c0       0x48 C:/Users/one/AppData/Local/stm32cube/bundles/gnu-tools-for-stm32/13.3.1+st.9/bin/../lib/gcc/arm-none-eabi/13.3.1/thumb/v6-m/nofp/crtbegin.o
 .text          0x08000108      0x114 C:/Users/one/AppData/Local/stm32cube/bundles/gnu-tools-for-stm32/13.3.1+st.9/bin/../lib/gcc/arm-none-eabi/13.3.1/thumb/v6-m/nofp\libgcc.a(_udivsi3.o)
                0x08000108                __aeabi_uidiv
                0x08000108                __udivsi3
                0x08000214                __aeabi_uidivmod
 .text          0x0800021c        0x4 C:/Users/one/AppData/Local/stm32cube/bundles/gnu-tools-for-stm32/13.3.1+st.9/bin/../lib/gcc/arm-none-eabi/13.3.1/thumb/v6-m/nofp\libgcc.a(_dvmd_tls.o)
                0x0800021c                __aeabi_idiv0
                0x0800021c                __aeabi_ldiv0
 .text          0x08000220       0x74 C:/Users/one/AppData/Local/stm32cube/bundles/gnu-tools-for-stm32/13.3.1+st.9/bin/../lib/gcc/arm-none-eabi/13.3.1/thumb/v6-m/nofp\libgcc.a(_arm_cmpsf2.o)
                0x08000220                __aeabi_cfrcmple
                0x08000228                __aeabi_cfcmpeq
                0x08000228                __aeabi_cfcmple
                0x08000238                __aeabi_fcmpeq
                0x08000244                __aeabi_fcmplt
                0x08000258                __aeabi_fcmple
                0x0800026c                __aeabi_fcmpgt
                0x08000280                __aeabi_fcmpge
 .text          0x08000294       0x40 C:/Users/one/AppData/Local/stm32cube/bundles/gnu-tools-for-stm32/13.3.1+st.9/bin/../lib/gcc/arm-none-eabi/13.3.1/thumb/v6-m/nofp\libgcc.a(_aeabi_uldivmod.o)
                0x08000294                __aeabi_uldivmod
 .text          0x080002d4      0x198 C:/Users/one/AppData/Local/stm32cube/bundles/gnu-tools-for-stm32/13.3.1+st.9/bin/../lib/gcc/arm-none-eabi/13.3.1/thumb/v6-m/nofp\libgcc.a(_udivmoddi4.o)
                0x080002d4                __udivmoddi4
 .text          0x0800046c      0x3e4 C:/Users/one/AppData/Local/stm32cube/bundles/gnu-tools-for-stm32/13.3.1+st.9/bin/../lib/gcc/arm-none-eabi/13.3.1/thumb/v6-m/nofp\libgcc.a(addsf3.o)
                0x0800046c                __aeabi_fadd
 .text          0x08000850      0x22c C:/Users/one/AppData/Local/stm32cube/bundles/gnu-tools-for-stm32/13.3.1+st.9/bin/../lib/gcc/arm-none-eabi/13.3.1/thumb/v6-m/nofp\libgcc.a(divsf3.o)
                0x08000850                __aeabi_fdiv
 .text          0x08000a7c       0x50 C:/Users/one/AppData/Local/stm32cube/bundles/gnu-tools-for-stm32/13.3.1+st.9/bin/../lib/gcc/arm-none-eabi/13.3.1/thumb/v6-m/nofp\libgcc.a(eqsf2.o)
                0x08000a7c                __eqsf2
                0x08000a7c                __nesf2
 .text          0x08000acc       0x90 C:/Users/one/AppData/Local/stm32cube/bundles/gnu-tools-for-stm32/13.3.1+st.9/bin/../lib/gcc/arm-none-eabi/13.3.1/thumb/v6-m/nofp\libgcc.a(gesf2.o)
                0x08000acc                __gesf2
                0x08000acc                __gtsf2
 .text          0x08000b5c       0x90 C:/Users/one/AppData/Local/stm32cube/bundles/gnu-tools-for-stm32/13.3.1+st.9/bin/../lib/gcc/arm-none-eabi/13.3.1/thumb/v6-m/nofp\libgcc.a(lesf2.o)
                0x08000b5c                __ltsf2
                0x08000b5c                __lesf2
 .text          0x08000bec      0x2b4 C:/Users/one/AppData/Local/stm32cube/bundles/gnu-tools-for-stm32/13.3.1+st.9/bin/../lib/gcc/arm-none-eabi/13.3.1/thumb/v6-m/nofp\libgcc.a(mulsf3.o)
                0x08000bec                __aeabi_fmul
 .text          0x08000ea0       0x8c C:/Users/one/AppData/Local/stm32cube/bundles/gnu-tools-for-stm32/13.3.1+st.9/bin/../lib/gcc/arm-none-eabi/13.3.1/thumb/v6-m/nofp\libgcc.a(floatunsisf.o)
                0x08000ea0                __aeabi_ui2f
 .text          0x08000f2c       0x3c C:/Users/one/AppData/Local/stm32cube/bundles/gnu-tools-for-stm32/13.3.1+st.9/bin/../lib/gcc/arm-none-eabi/13.3.1/thumb/v6-m/nofp\libgcc.a(_clzsi2.o)
                0x08000f2c                __clzsi2
 .text          0x08000f68       0x18 C:/Users/one/AppData/Local/stm32cube/bundles/gnu-tools-for-stm32/13.3.1+st.9/bin/../lib/gcc/arm-none-eabi/13.3.1/thumb/v6-m/nofp\libgcc.a(_clzdi2.o)
                0x08000f68                __clzdi2
 .text          0x08000f80        0xe C:/Users/one/AppData/Local/stm32cube/bundles/gnu-tools-for-stm32/13.3.1+st.9/bin/../lib/gcc/arm-none-eabi/13.3.1/../../../../arm-none-eabi/lib/thumb/v6-m/nofp\libg_nano.a(libc_a-strlen.o)
                0x08000f80                strlen
 *fill*         0x08000f8e        0x2 
 .text          0x08000f90       0x14 C:/Users/one/AppData/Local/stm32cube/bundles/gnu-tools-for-stm32/13.3.1+st.9/bin/../lib/gcc/arm-none-eabi/13.3.1/thumb/v6-m/nofp\libgcc.a(_thumb1_case_uqi.o)
                0x08000f90                __gnu_thumb1_case_uqi
 .text          0x08000fa4       0x14 C:/Users/one/AppData/Local/stm32cube/bundles/gnu-tools-for-stm32/13.3.1+st.9/bin/../lib/gcc/arm-none-eabi/13.3.1/thumb/v6-m/nofp\libgcc.a(_thumb1_case_shi.o)
                0x08000fa4                __gnu_thumb1_case_shi
 .text          0x08000fb8      0x1d4 C:/Users/one/AppData/Local/stm32cube/bundles/gnu-tools-for-stm32/13.3.1+st.9/bin/../lib/gcc/arm-none-eabi/13.3.1/thumb/v6-m/nofp\libgcc.a(_divsi3.o)
                0x08000fb8                __divsi3
                0x08000fb8                __aeabi_idiv
                0x08001184                __aeabi_idivmod
 .text          0x0800118c       0x7c C:/Users/one/AppData/Local/stm32cube/bundles/gnu-tools-for-stm32/13.3.1+st.9/bin/../lib/gcc/arm-none-eabi/13.3.1/thumb/v6-m/nofp\libgcc.a(_arm_cmpdf2.o)
                0x0800118c                __aeabi_cdrcmple
                0x0800119c                __aeabi_cdcmple
                0x0800119c                __aeabi_cdcmpeq
                0x080011ac                __aeabi_dcmpeq
                0x080011b8                __aeabi_dcmplt
                0x080011cc                __aeabi_dcmple
                0x080011e0                __aeabi_dcmpgt
                0x080011f4                __aeabi_dcmpge
 .text          0x08001208      0x78c C:/Users/one/AppData/Local/stm32cube/bundles/gnu-tools-for-stm32/13.3.1+st.9/bin/../lib/gcc/arm-none-eabi/13.3.1/thumb/v6-m/nofp\libgcc.a(adddf3.o)
                0x08001208                __aeabi_dadd
 .text          0x08001994      0x630 C:/Users/one/AppData/Local/stm32cube/bundles/gnu-tools-for-stm32/13.3.1+st.9/bin/../lib/gcc/arm-none-eabi/13.3.1/thumb/v6-m/nofp\libgcc.a(divdf3.o)
                0x08001994                __aeabi_ddiv
 .text          0x08001fc4       0x88 C:/Users/one/AppData/Local/stm32cube/bundles/gnu-tools-for-stm32/13.3.1+st.9/bin/../lib/gcc/arm-none-eabi/13.3.1/thumb/v6-m/nofp\libgcc.a(eqdf2.o)
                0x08001fc4                __nedf2
                0x08001fc4                __eqdf2
 .text          0x0800204c       0xe0 C:/Users/one/AppData/Local/stm32cube/bundles/gnu-tools-for-stm32/13.3.1+st.9/bin/../lib/gcc/arm-none-eabi/13.3.1/thumb/v6-m/nofp\libgcc.a(gedf2.o)
                0x0800204c                __gedf2
                0x0800204c                __gtdf2
 .text          0x0800212c       0xdc C:/Users/one/AppData/Local/stm32cube/bundles/gnu-tools-for-stm32/13.3.1+st.9/bin/../lib/gcc/arm-none-eabi/13.3.1/thumb/v6-m/nofp\libgcc.a(ledf2.o)
                0x0800212c                __ledf2
                0x0800212c                __ltdf2
 .text          0x08002208      0x5cc C:/Users/one/AppData/Local/stm32cube/bundles/gnu-tools-for-stm32/13.3.1+st.9/bin/../lib/gcc/arm-none-eabi/13.3.1/thumb/v6-m/nofp\libgcc.a(muldf3.o)
                0x08002208                __aeabi_dmul
 .text          0x080027d4      0x814 C:/Users/one/AppData/Local/stm32cube/bundles/gnu-tools-for-stm32/13.3.1+st.9/bin/../lib/gcc/arm-none-eabi/13.3.1/thumb/v6-m/nofp\libgcc.a(subdf3.o)
                0x080027d4                __aeabi_dsub
 .text          0x08002fe8       0x44 C:/Users/one/AppData/Local/stm32cube/bundles/gnu-tools-for-stm32/13.3.1+st.9/bin/../lib/gcc/arm-none-eabi/13.3.1/thumb/v6-m/nofp\libgcc.a(unorddf2.o)
                0x08002fe8                __aeabi_dcmpun
 .text          0x0800302c       0x78 C:/Users/one/AppData/Local/stm32cube/bundles/gnu-tools-for-stm32/13.3.1+st.9/bin/../lib/gcc/arm-none-eabi/13.3.1/thumb/v6-m/nofp\libgcc.a(fixdfsi.o)
                0x0800302c                __aeabi_d2iz
 .text          0x080030a4       0x5c C:/Users/one/AppData/Local/stm32cube/bundles/gnu-tools-for-stm32/13.3.1+st.9/bin/../lib/gcc/arm-none-eabi/13.3.1/thumb/v6-m/nofp\libgcc.a(floatsidf.o)
                0x080030a4                __aeabi_i2d
 .text          0x08003100       0x48 C:/Users/one/AppData/Local/stm32cube/bundles/gnu-tools-for-stm32/13.3.1+st.9/bin/../lib/gcc/arm-none-eabi/13.3.1/thumb/v6-m/nofp\libgcc.a(floatunsidf.o)
                0x08003100                __aeabi_ui2d
 *(.text*)
 .text.SystemInit
                0x08003148        0xa cmake/stm32cubemx/CMakeFiles/STM32_Drivers.dir/__/__/Core/Src/system_stm32l0xx.c.obj
                0x08003148                SystemInit
 *fill*         0x08003152        0x2 
 .text.HAL_ADC_Init
                0x08003154      0x2e8 cmake/stm32cubemx/CMakeFiles/STM32_Drivers.dir/__/__/Drivers/STM32L0xx_HAL_Driver/Src/stm32l0xx_hal_adc.c.obj
                0x08003154                HAL_ADC_Init
 .text.HAL_ADC_Start
                0x0800343c       0xa8 cmake/stm32cubemx/CMakeFiles/STM32_Drivers.dir/__/__/Drivers/STM32L0xx_HAL_Driver/Src/stm32l0xx_hal_adc.c.obj
                0x0800343c                HAL_ADC_Start
 .text.HAL_ADC_Stop
                0x080034e4       0x80 cmake/stm32cubemx/CMakeFiles/STM32_Drivers.dir/__/__/Drivers/STM32L0xx_HAL_Driver/Src/stm32l0xx_hal_adc.c.obj
                0x080034e4                HAL_ADC_Stop
 .text.HAL_ADC_PollForConversion
                0x08003564      0x138 cmake/stm32cubemx/CMakeFiles/STM32_Drivers.dir/__/__/Drivers/STM32L0xx_HAL_Driver/Src/stm32l0xx_hal_adc.c.obj
                0x08003564                HAL_ADC_PollForConversion
 .text.HAL_ADC_GetValue
                0x0800369c       0x16 cmake/stm32cubemx/CMakeFiles/STM32_Drivers.dir/__/__/Drivers/STM32L0xx_HAL_Driver/Src/stm32l0xx_hal_adc.c.obj
                0x0800369c                HAL_ADC_GetValue
 *fill*         0x080036b2        0x2 
 .text.HAL_ADC_IRQHandler
                0x080036b4      0x154 cmake/stm32cubemx/CMakeFiles/STM32_Drivers.dir/__/__/Drivers/STM32L0xx_HAL_Driver/Src/stm32l0xx_hal_adc.c.obj
                0x080036b4                HAL_ADC_IRQHandler
 .text.HAL_ADC_ConvCpltCallback
                0x08003808       0x10 cmake/stm32cubemx/CMakeFiles/STM32_Drivers.dir/__/__/Drivers/STM32L0xx_HAL_Driver/Src/stm32l0xx_hal_adc.c.obj
                0x08003808                HAL_ADC_ConvCpltCallback
 .text.HAL_ADC_LevelOutOfWindowCallback
                0x08003818       0x10 cmake/stm32cubemx/CMakeFiles/STM32_Drivers.dir/__/__/Drivers/STM32L0xx_HAL_Driver/Src/stm32l0xx_hal_adc.c.obj
                0x08003818                HAL_ADC_LevelOutOfWindowCallback
 .text.HAL_ADC_ErrorCallback
                0x08003828       0x10 cmake/stm32cubemx/CMakeFiles/STM32_Drivers.dir/__/__/Drivers/STM32L0xx_HAL_Driver/Src/stm32l0xx_hal_adc.c.obj
                0x08003828                HAL_ADC_ErrorCallback
 .text.HAL_ADC_ConfigChannel
                0x08003838      0x10c cmake/stm32cubemx/CMakeFiles/STM32_Drivers.dir/__/__/Drivers/STM32L0xx_HAL_Driver/Src/stm32l0xx_hal_adc.c.obj
                0x08003838                HAL_ADC_ConfigChannel
 .text.ADC_Enable
                0x08003944       0xd0 cmake/stm32cubemx/CMakeFiles/STM32_Drivers.dir/__/__/Drivers/STM32L0xx_HAL_Driver/Src/stm32l0xx_hal_adc.c.obj
 .text.ADC_Disable
                0x08003a14       0xce cmake/stm32cubemx/CMakeFiles/STM32_Drivers.dir/__/__/Drivers/STM32L0xx_HAL_Driver/Src/stm32l0xx_hal_adc.c.obj
 .text.ADC_ConversionStop
                0x08003ae2       0x98 cmake/stm32cubemx/CMakeFiles/STM32_Drivers.dir/__/__/Drivers/STM32L0xx_HAL_Driver/Src/stm32l0xx_hal_adc.c.obj
 *fill*         0x08003b7a        0x2 
 .text.ADC_DelayMicroSecond
                0x08003b7c       0x40 cmake/stm32cubemx/CMakeFiles/STM32_Drivers.dir/__/__/Drivers/STM32L0xx_HAL_Driver/Src/stm32l0xx_hal_adc.c.obj
 .text.HAL_Init
                0x08003bbc       0x40 cmake/stm32cubemx/CMakeFiles/STM32_Drivers.dir/__/__/Drivers/STM32L0xx_HAL_Driver/Src/stm32l0xx_hal.c.obj
                0x08003bbc                HAL_Init
 .text.HAL_InitTick
                0x08003bfc       0x68 cmake/stm32cubemx/CMakeFiles/STM32_Drivers.dir/__/__/Drivers/STM32L0xx_HAL_Driver/Src/stm32l0xx_hal.c.obj
                0x08003bfc                HAL_InitTick
 .text.HAL_IncTick
                0x08003c64       0x24 cmake/stm32cubemx/CMakeFiles/STM32_Drivers.dir/__/__/Drivers/STM32L0xx_HAL_Driver/Src/stm32l0xx_hal.c.obj
                0x08003c64                HAL_IncTick
 .text.HAL_GetTick
                0x08003c88       0x14 cmake/stm32cubemx/CMakeFiles/STM32_Drivers.dir/__/__/Drivers/STM32L0xx_HAL_Driver/Src/stm32l0xx_hal.c.obj
                0x08003c88                HAL_GetTick
 .text.HAL_Delay
                0x08003c9c       0x48 cmake/stm32cubemx/CMakeFiles/STM32_Drivers.dir/__/__/Drivers/STM32L0xx_HAL_Driver/Src/stm32l0xx_hal.c.obj
                0x08003c9c                HAL_Delay
 .text.HAL_IWDG_Init
                0x08003ce4       0xa4 cmake/stm32cubemx/CMakeFiles/STM32_Drivers.dir/__/__/Drivers/STM32L0xx_HAL_Driver/Src/stm32l0xx_hal_iwdg.c.obj
                0x08003ce4                HAL_IWDG_Init
 .text.HAL_IWDG_Refresh
                0x08003d88       0x20 cmake/stm32cubemx/CMakeFiles/STM32_Drivers.dir/__/__/Drivers/STM32L0xx_HAL_Driver/Src/stm32l0xx_hal_iwdg.c.obj
                0x08003d88                HAL_IWDG_Refresh
 .text.HAL_RCC_OscConfig
                0x08003da8      0x6d4 cmake/stm32cubemx/CMakeFiles/STM32_Drivers.dir/__/__/Drivers/STM32L0xx_HAL_Driver/Src/stm32l0xx_hal_rcc.c.obj
                0x08003da8                HAL_RCC_OscConfig
 .text.HAL_RCC_ClockConfig
                0x0800447c      0x290 cmake/stm32cubemx/CMakeFiles/STM32_Drivers.dir/__/__/Drivers/STM32L0xx_HAL_Driver/Src/stm32l0xx_hal_rcc.c.obj
                0x0800447c                HAL_RCC_ClockConfig
 .text.HAL_RCC_GetSysClockFreq
                0x0800470c      0x10c cmake/stm32cubemx/CMakeFiles/STM32_Drivers.dir/__/__/Drivers/STM32L0xx_HAL_Driver/Src/stm32l0xx_hal_rcc.c.obj
                0x0800470c                HAL_RCC_GetSysClockFreq
 .text.HAL_RCC_GetHCLKFreq
                0x08004818       0x14 cmake/stm32cubemx/CMakeFiles/STM32_Drivers.dir/__/__/Drivers/STM32L0xx_HAL_Driver/Src/stm32l0xx_hal_rcc.c.obj
                0x08004818                HAL_RCC_GetHCLKFreq
 .text.HAL_RCC_GetPCLK1Freq
                0x0800482c       0x2c cmake/stm32cubemx/CMakeFiles/STM32_Drivers.dir/__/__/Drivers/STM32L0xx_HAL_Driver/Src/stm32l0xx_hal_rcc.c.obj
                0x0800482c                HAL_RCC_GetPCLK1Freq
 .text.HAL_RCC_GetPCLK2Freq
                0x08004858       0x2c cmake/stm32cubemx/CMakeFiles/STM32_Drivers.dir/__/__/Drivers/STM32L0xx_HAL_Driver/Src/stm32l0xx_hal_rcc.c.obj
                0x08004858                HAL_RCC_GetPCLK2Freq
 .text.HAL_RCCEx_PeriphCLKConfig
                0x08004884      0x274 cmake/stm32cubemx/CMakeFiles/STM32_Drivers.dir/__/__/Drivers/STM32L0xx_HAL_Driver/Src/stm32l0xx_hal_rcc_ex.c.obj
                0x08004884                HAL_RCCEx_PeriphCLKConfig
 .text.HAL_GPIO_Init
                0x08004af8      0x2ec cmake/stm32cubemx/CMakeFiles/STM32_Drivers.dir/__/__/Drivers/STM32L0xx_HAL_Driver/Src/stm32l0xx_hal_gpio.c.obj
                0x08004af8                HAL_GPIO_Init
 .text.HAL_GPIO_ReadPin
                0x08004de4       0x3a cmake/stm32cubemx/CMakeFiles/STM32_Drivers.dir/__/__/Drivers/STM32L0xx_HAL_Driver/Src/stm32l0xx_hal_gpio.c.obj
                0x08004de4                HAL_GPIO_ReadPin
 .text.HAL_GPIO_WritePin
                0x08004e1e       0x3a cmake/stm32cubemx/CMakeFiles/STM32_Drivers.dir/__/__/Drivers/STM32L0xx_HAL_Driver/Src/stm32l0xx_hal_gpio.c.obj
                0x08004e1e                HAL_GPIO_WritePin
 .text.HAL_DMA_Init
                0x08004e58       0xf0 cmake/stm32cubemx/CMakeFiles/STM32_Drivers.dir/__/__/Drivers/STM32L0xx_HAL_Driver/Src/stm32l0xx_hal_dma.c.obj
                0x08004e58                HAL_DMA_Init
 .text.HAL_DMA_Start_IT
                0x08004f48       0xcc cmake/stm32cubemx/CMakeFiles/STM32_Drivers.dir/__/__/Drivers/STM32L0xx_HAL_Driver/Src/stm32l0xx_hal_dma.c.obj
                0x08004f48                HAL_DMA_Start_IT
 .text.HAL_DMA_Abort
                0x08005014       0x80 cmake/stm32cubemx/CMakeFiles/STM32_Drivers.dir/__/__/Drivers/STM32L0xx_HAL_Driver/Src/stm32l0xx_hal_dma.c.obj
                0x08005014                HAL_DMA_Abort
 .text.HAL_DMA_Abort_IT
                0x08005094       0x8e cmake/stm32cubemx/CMakeFiles/STM32_Drivers.dir/__/__/Drivers/STM32L0xx_HAL_Driver/Src/stm32l0xx_hal_dma.c.obj
                0x08005094                HAL_DMA_Abort_IT
 .text.HAL_DMA_IRQHandler
                0x08005122      0x15c cmake/stm32cubemx/CMakeFiles/STM32_Drivers.dir/__/__/Drivers/STM32L0xx_HAL_Driver/Src/stm32l0xx_hal_dma.c.obj
                0x08005122                HAL_DMA_IRQHandler
 .text.HAL_DMA_GetError
                0x0800527e       0x14 cmake/stm32cubemx/CMakeFiles/STM32_Drivers.dir/__/__/Drivers/STM32L0xx_HAL_Driver/Src/stm32l0xx_hal_dma.c.obj
                0x0800527e                HAL_DMA_GetError
 .text.DMA_SetConfig
                0x08005292       0x5c cmake/stm32cubemx/CMakeFiles/STM32_Drivers.dir/__/__/Drivers/STM32L0xx_HAL_Driver/Src/stm32l0xx_hal_dma.c.obj
 *fill*         0x080052ee        0x2 
 .text.__NVIC_EnableIRQ
                0x080052f0       0x34 cmake/stm32cubemx/CMakeFiles/STM32_Drivers.dir/__/__/Drivers/STM32L0xx_HAL_Driver/Src/stm32l0xx_hal_cortex.c.obj
 .text.__NVIC_SetPriority
                0x08005324       0xdc cmake/stm32cubemx/CMakeFiles/STM32_Drivers.dir/__/__/Drivers/STM32L0xx_HAL_Driver/Src/stm32l0xx_hal_cortex.c.obj
 .text.SysTick_Config
                0x08005400       0x48 cmake/stm32cubemx/CMakeFiles/STM32_Drivers.dir/__/__/Drivers/STM32L0xx_HAL_Driver/Src/stm32l0xx_hal_cortex.c.obj
 .text.HAL_NVIC_SetPriority
                0x08005448       0x2a cmake/stm32cubemx/CMakeFiles/STM32_Drivers.dir/__/__/Drivers/STM32L0xx_HAL_Driver/Src/stm32l0xx_hal_cortex.c.obj
                0x08005448                HAL_NVIC_SetPriority
 .text.HAL_NVIC_EnableIRQ
                0x08005472       0x20 cmake/stm32cubemx/CMakeFiles/STM32_Drivers.dir/__/__/Drivers/STM32L0xx_HAL_Driver/Src/stm32l0xx_hal_cortex.c.obj
                0x08005472                HAL_NVIC_EnableIRQ
 .text.HAL_SYSTICK_Config
                0x08005492       0x1a cmake/stm32cubemx/CMakeFiles/STM32_Drivers.dir/__/__/Drivers/STM32L0xx_HAL_Driver/Src/stm32l0xx_hal_cortex.c.obj
                0x08005492                HAL_SYSTICK_Config
 .text.HAL_TIM_Base_Init
                0x080054ac       0x80 cmake/stm32cubemx/CMakeFiles/STM32_Drivers.dir/__/__/Drivers/STM32L0xx_HAL_Driver/Src/stm32l0xx_hal_tim.c.obj
                0x080054ac                HAL_TIM_Base_Init
 .text.HAL_TIM_Base_Start_IT
                0x0800552c       0x98 cmake/stm32cubemx/CMakeFiles/STM32_Drivers.dir/__/__/Drivers/STM32L0xx_HAL_Driver/Src/stm32l0xx_hal_tim.c.obj
                0x0800552c                HAL_TIM_Base_Start_IT
 .text.HAL_TIM_PWM_Init
                0x080055c4       0x80 cmake/stm32cubemx/CMakeFiles/STM32_Drivers.dir/__/__/Drivers/STM32L0xx_HAL_Driver/Src/stm32l0xx_hal_tim.c.obj
                0x080055c4                HAL_TIM_PWM_Init
 .text.HAL_TIM_PWM_Start
                0x08005644      0x118 cmake/stm32cubemx/CMakeFiles/STM32_Drivers.dir/__/__/Drivers/STM32L0xx_HAL_Driver/Src/stm32l0xx_hal_tim.c.obj
                0x08005644                HAL_TIM_PWM_Start
 .text.HAL_TIM_PWM_Stop
                0x0800575c       0x7c cmake/stm32cubemx/CMakeFiles/STM32_Drivers.dir/__/__/Drivers/STM32L0xx_HAL_Driver/Src/stm32l0xx_hal_tim.c.obj
                0x0800575c                HAL_TIM_PWM_Stop
 .text.HAL_TIM_IRQHandler
                0x080057d8      0x198 cmake/stm32cubemx/CMakeFiles/STM32_Drivers.dir/__/__/Drivers/STM32L0xx_HAL_Driver/Src/stm32l0xx_hal_tim.c.obj
                0x080057d8                HAL_TIM_IRQHandler
 .text.HAL_TIM_PWM_ConfigChannel
                0x08005970      0x18c cmake/stm32cubemx/CMakeFiles/STM32_Drivers.dir/__/__/Drivers/STM32L0xx_HAL_Driver/Src/stm32l0xx_hal_tim.c.obj
                0x08005970                HAL_TIM_PWM_ConfigChannel
 .text.HAL_TIM_OC_DelayElapsedCallback
                0x08005afc       0x10 cmake/stm32cubemx/CMakeFiles/STM32_Drivers.dir/__/__/Drivers/STM32L0xx_HAL_Driver/Src/stm32l0xx_hal_tim.c.obj
                0x08005afc                HAL_TIM_OC_DelayElapsedCallback
 .text.HAL_TIM_IC_CaptureCallback
                0x08005b0c       0x10 cmake/stm32cubemx/CMakeFiles/STM32_Drivers.dir/__/__/Drivers/STM32L0xx_HAL_Driver/Src/stm32l0xx_hal_tim.c.obj
                0x08005b0c                HAL_TIM_IC_CaptureCallback
 .text.HAL_TIM_PWM_PulseFinishedCallback
                0x08005b1c       0x10 cmake/stm32cubemx/CMakeFiles/STM32_Drivers.dir/__/__/Drivers/STM32L0xx_HAL_Driver/Src/stm32l0xx_hal_tim.c.obj
                0x08005b1c                HAL_TIM_PWM_PulseFinishedCallback
 .text.HAL_TIM_TriggerCallback
                0x08005b2c       0x10 cmake/stm32cubemx/CMakeFiles/STM32_Drivers.dir/__/__/Drivers/STM32L0xx_HAL_Driver/Src/stm32l0xx_hal_tim.c.obj
                0x08005b2c                HAL_TIM_TriggerCallback
 .text.TIM_Base_SetConfig
                0x08005b3c       0xb4 cmake/stm32cubemx/CMakeFiles/STM32_Drivers.dir/__/__/Drivers/STM32L0xx_HAL_Driver/Src/stm32l0xx_hal_tim.c.obj
 .text.TIM_OC1_SetConfig
                0x08005bf0       0x78 cmake/stm32cubemx/CMakeFiles/STM32_Drivers.dir/__/__/Drivers/STM32L0xx_HAL_Driver/Src/stm32l0xx_hal_tim.c.obj
 .text.TIM_OC2_SetConfig
                0x08005c68       0x84 cmake/stm32cubemx/CMakeFiles/STM32_Drivers.dir/__/__/Drivers/STM32L0xx_HAL_Driver/Src/stm32l0xx_hal_tim.c.obj
 .text.TIM_OC3_SetConfig
                0x08005cec       0x80 cmake/stm32cubemx/CMakeFiles/STM32_Drivers.dir/__/__/Drivers/STM32L0xx_HAL_Driver/Src/stm32l0xx_hal_tim.c.obj
 .text.TIM_OC4_SetConfig
                0x08005d6c       0x8c cmake/stm32cubemx/CMakeFiles/STM32_Drivers.dir/__/__/Drivers/STM32L0xx_HAL_Driver/Src/stm32l0xx_hal_tim.c.obj
 .text.TIM_CCxChannelCmd
                0x08005df8       0x46 cmake/stm32cubemx/CMakeFiles/STM32_Drivers.dir/__/__/Drivers/STM32L0xx_HAL_Driver/Src/stm32l0xx_hal_tim.c.obj
 *fill*         0x08005e3e        0x2 
 .text.HAL_TIMEx_MasterConfigSynchronization
                0x08005e40       0xb0 cmake/stm32cubemx/CMakeFiles/STM32_Drivers.dir/__/__/Drivers/STM32L0xx_HAL_Driver/Src/stm32l0xx_hal_tim_ex.c.obj
                0x08005e40                HAL_TIMEx_MasterConfigSynchronization
 .text.HAL_UART_Init
                0x08005ef0       0xa8 cmake/stm32cubemx/CMakeFiles/STM32_Drivers.dir/__/__/Drivers/STM32L0xx_HAL_Driver/Src/stm32l0xx_hal_uart.c.obj
                0x08005ef0                HAL_UART_Init
 .text.HAL_UART_Receive_IT
                0x08005f98       0xbc cmake/stm32cubemx/CMakeFiles/STM32_Drivers.dir/__/__/Drivers/STM32L0xx_HAL_Driver/Src/stm32l0xx_hal_uart.c.obj
                0x08005f98                HAL_UART_Receive_IT
 .text.HAL_UART_Receive_DMA
                0x08006054       0xbc cmake/stm32cubemx/CMakeFiles/STM32_Drivers.dir/__/__/Drivers/STM32L0xx_HAL_Driver/Src/stm32l0xx_hal_uart.c.obj
                0x08006054                HAL_UART_Receive_DMA
 .text.HAL_UART_DMAStop
                0x08006110      0x120 cmake/stm32cubemx/CMakeFiles/STM32_Drivers.dir/__/__/Drivers/STM32L0xx_HAL_Driver/Src/stm32l0xx_hal_uart.c.obj
                0x08006110                HAL_UART_DMAStop
 .text.HAL_UART_IRQHandler
                0x08006230      0x600 cmake/stm32cubemx/CMakeFiles/STM32_Drivers.dir/__/__/Drivers/STM32L0xx_HAL_Driver/Src/stm32l0xx_hal_uart.c.obj
                0x08006230                HAL_UART_IRQHandler
 .text.HAL_UART_RxHalfCpltCallback
                0x08006830       0x10 cmake/stm32cubemx/CMakeFiles/STM32_Drivers.dir/__/__/Drivers/STM32L0xx_HAL_Driver/Src/stm32l0xx_hal_uart.c.obj
                0x08006830                HAL_UART_RxHalfCpltCallback
 .text.HAL_UART_ErrorCallback
                0x08006840       0x10 cmake/stm32cubemx/CMakeFiles/STM32_Drivers.dir/__/__/Drivers/STM32L0xx_HAL_Driver/Src/stm32l0xx_hal_uart.c.obj
                0x08006840                HAL_UART_ErrorCallback
 .text.HAL_UARTEx_RxEventCallback
                0x08006850       0x16 cmake/stm32cubemx/CMakeFiles/STM32_Drivers.dir/__/__/Drivers/STM32L0xx_HAL_Driver/Src/stm32l0xx_hal_uart.c.obj
                0x08006850                HAL_UARTEx_RxEventCallback
 *fill*         0x08006866        0x2 
 .text.UART_SetConfig
                0x08006868      0x508 cmake/stm32cubemx/CMakeFiles/STM32_Drivers.dir/__/__/Drivers/STM32L0xx_HAL_Driver/Src/stm32l0xx_hal_uart.c.obj
                0x08006868                UART_SetConfig
 .text.UART_AdvFeatureConfig
                0x08006d70      0x168 cmake/stm32cubemx/CMakeFiles/STM32_Drivers.dir/__/__/Drivers/STM32L0xx_HAL_Driver/Src/stm32l0xx_hal_uart.c.obj
                0x08006d70                UART_AdvFeatureConfig
 .text.UART_CheckIdleState
                0x08006ed8      0x150 cmake/stm32cubemx/CMakeFiles/STM32_Drivers.dir/__/__/Drivers/STM32L0xx_HAL_Driver/Src/stm32l0xx_hal_uart.c.obj
                0x08006ed8                UART_CheckIdleState
 .text.UART_WaitOnFlagUntilTimeout
                0x08007028       0xde cmake/stm32cubemx/CMakeFiles/STM32_Drivers.dir/__/__/Drivers/STM32L0xx_HAL_Driver/Src/stm32l0xx_hal_uart.c.obj
                0x08007028                UART_WaitOnFlagUntilTimeout
 *fill*         0x08007106        0x2 
 .text.UART_Start_Receive_IT
                0x08007108      0x194 cmake/stm32cubemx/CMakeFiles/STM32_Drivers.dir/__/__/Drivers/STM32L0xx_HAL_Driver/Src/stm32l0xx_hal_uart.c.obj
                0x08007108                UART_Start_Receive_IT
 .text.UART_Start_Receive_DMA
                0x0800729c      0x140 cmake/stm32cubemx/CMakeFiles/STM32_Drivers.dir/__/__/Drivers/STM32L0xx_HAL_Driver/Src/stm32l0xx_hal_uart.c.obj
                0x0800729c                UART_Start_Receive_DMA
 .text.UART_EndTxTransfer
                0x080073dc       0x48 cmake/stm32cubemx/CMakeFiles/STM32_Drivers.dir/__/__/Drivers/STM32L0xx_HAL_Driver/Src/stm32l0xx_hal_uart.c.obj
 .text.UART_EndRxTransfer
                0x08007424       0xc8 cmake/stm32cubemx/CMakeFiles/STM32_Drivers.dir/__/__/Drivers/STM32L0xx_HAL_Driver/Src/stm32l0xx_hal_uart.c.obj
 .text.UART_DMAReceiveCplt
                0x080074ec      0x168 cmake/stm32cubemx/CMakeFiles/STM32_Drivers.dir/__/__/Drivers/STM32L0xx_HAL_Driver/Src/stm32l0xx_hal_uart.c.obj
 .text.UART_DMARxHalfCplt
                0x08007654       0x7e cmake/stm32cubemx/CMakeFiles/STM32_Drivers.dir/__/__/Drivers/STM32L0xx_HAL_Driver/Src/stm32l0xx_hal_uart.c.obj
 .text.UART_DMAError
                0x080076d2       0x84 cmake/stm32cubemx/CMakeFiles/STM32_Drivers.dir/__/__/Drivers/STM32L0xx_HAL_Driver/Src/stm32l0xx_hal_uart.c.obj
 .text.UART_DMAAbortOnError
                0x08007756       0x26 cmake/stm32cubemx/CMakeFiles/STM32_Drivers.dir/__/__/Drivers/STM32L0xx_HAL_Driver/Src/stm32l0xx_hal_uart.c.obj
 .text.UART_EndTransmit_IT
                0x0800777c       0x56 cmake/stm32cubemx/CMakeFiles/STM32_Drivers.dir/__/__/Drivers/STM32L0xx_HAL_Driver/Src/stm32l0xx_hal_uart.c.obj
 *fill*         0x080077d2        0x2 
 .text.UART_RxISR_8BIT
                0x080077d4      0x1c4 cmake/stm32cubemx/CMakeFiles/STM32_Drivers.dir/__/__/Drivers/STM32L0xx_HAL_Driver/Src/stm32l0xx_hal_uart.c.obj
 .text.UART_RxISR_16BIT
                0x08007998      0x1c4 cmake/stm32cubemx/CMakeFiles/STM32_Drivers.dir/__/__/Drivers/STM32L0xx_HAL_Driver/Src/stm32l0xx_hal_uart.c.obj
 .text.HAL_UARTEx_WakeupCallback
                0x08007b5c       0x10 cmake/stm32cubemx/CMakeFiles/STM32_Drivers.dir/__/__/Drivers/STM32L0xx_HAL_Driver/Src/stm32l0xx_hal_uart_ex.c.obj
                0x08007b5c                HAL_UARTEx_WakeupCallback
 .text.MX_IWDG_Init
                0x08007b6c       0x40 CMakeFiles/charge_switch.dir/Core/Src/main.c.obj
                0x08007b6c                MX_IWDG_Init
 .text.iwdg_feed
                0x08007bac       0x18 CMakeFiles/charge_switch.dir/Core/Src/main.c.obj
                0x08007bac                iwdg_feed
 .text.ChargeState_Debounce
                0x08007bc4       0x90 CMakeFiles/charge_switch.dir/Core/Src/main.c.obj
                0x08007bc4                ChargeState_Debounce
 .text.KeyScan  0x08007c54       0xe4 CMakeFiles/charge_switch.dir/Core/Src/main.c.obj
                0x08007c54                KeyScan
 .text.ShortPressAction
                0x08007d38       0xb8 CMakeFiles/charge_switch.dir/Core/Src/main.c.obj
                0x08007d38                ShortPressAction
 .text.LongPressAction
                0x08007df0       0x8c CMakeFiles/charge_switch.dir/Core/Src/main.c.obj
                0x08007df0                LongPressAction
 .text.main     0x08007e7c      0x814 CMakeFiles/charge_switch.dir/Core/Src/main.c.obj
                0x08007e7c                main
 .text.SystemClock_Config
                0x08008690       0xe4 CMakeFiles/charge_switch.dir/Core/Src/main.c.obj
                0x08008690                SystemClock_Config
 .text.Error_Handler
                0x08008774        0xc CMakeFiles/charge_switch.dir/Core/Src/main.c.obj
                0x08008774                Error_Handler
 .text.MX_GPIO_Init
                0x08008780       0xd0 CMakeFiles/charge_switch.dir/Core/Src/gpio.c.obj
                0x08008780                MX_GPIO_Init
 .text.MX_ADC_Init
                0x08008850       0xc8 CMakeFiles/charge_switch.dir/Core/Src/adc.c.obj
                0x08008850                MX_ADC_Init
 .text.HAL_ADC_MspInit
                0x08008918       0x88 CMakeFiles/charge_switch.dir/Core/Src/adc.c.obj
                0x08008918                HAL_ADC_MspInit
 .text.ADC1_COMP_IRQHandler
                0x080089a0       0x18 CMakeFiles/charge_switch.dir/Core/Src/adc.c.obj
                0x080089a0                ADC1_COMP_IRQHandler
 .text.MX_DMA_Init
                0x080089b8       0x4c CMakeFiles/charge_switch.dir/Core/Src/dma.c.obj
                0x080089b8                MX_DMA_Init
 .text.MX_TIM22_Init
                0x08008a04       0xd0 CMakeFiles/charge_switch.dir/Core/Src/tim.c.obj
                0x08008a04                MX_TIM22_Init
 .text.MX_TIM6_Init
                0x08008ad4       0x88 CMakeFiles/charge_switch.dir/Core/Src/tim.c.obj
                0x08008ad4                MX_TIM6_Init
 .text.HAL_TIM_PWM_MspInit
                0x08008b5c       0x84 CMakeFiles/charge_switch.dir/Core/Src/tim.c.obj
                0x08008b5c                HAL_TIM_PWM_MspInit
 .text.pwm_set  0x08008be0       0x24 CMakeFiles/charge_switch.dir/Core/Src/tim.c.obj
                0x08008be0                pwm_set
 .text.HAL_TIM_Base_MspInit
                0x08008c04       0x40 CMakeFiles/charge_switch.dir/Core/Src/tim.c.obj
                0x08008c04                HAL_TIM_Base_MspInit
 .text.Tim6_Start
                0x08008c44       0x18 CMakeFiles/charge_switch.dir/Core/Src/tim.c.obj
                0x08008c44                Tim6_Start
 .text.TIM6_IRQHandler
                0x08008c5c       0x18 CMakeFiles/charge_switch.dir/Core/Src/tim.c.obj
                0x08008c5c                TIM6_IRQHandler
 .text.HAL_TIM_PeriodElapsedCallback
                0x08008c74       0x38 CMakeFiles/charge_switch.dir/Core/Src/tim.c.obj
                0x08008c74                HAL_TIM_PeriodElapsedCallback
 .text.__io_putchar
                0x08008cac       0x2c CMakeFiles/charge_switch.dir/Core/Src/usart.c.obj
                0x08008cac                __io_putchar
 .text.__io_getchar
                0x08008cd8       0x24 CMakeFiles/charge_switch.dir/Core/Src/usart.c.obj
                0x08008cd8                __io_getchar
 .text.MX_USART1_UART_Init
                0x08008cfc       0x74 CMakeFiles/charge_switch.dir/Core/Src/usart.c.obj
                0x08008cfc                MX_USART1_UART_Init
 .text.HAL_UART_MspInit
                0x08008d70      0x21c CMakeFiles/charge_switch.dir/Core/Src/usart.c.obj
                0x08008d70                HAL_UART_MspInit
 .text.HAL_UART_RxCpltCallback
                0x08008f8c       0xbc CMakeFiles/charge_switch.dir/Core/Src/usart.c.obj
                0x08008f8c                HAL_UART_RxCpltCallback
 .text.HAL_UART_TxCpltCallback
                0x08009048       0x40 CMakeFiles/charge_switch.dir/Core/Src/usart.c.obj
                0x08009048                HAL_UART_TxCpltCallback
 .text.DMA1_Channel2_3_IRQHandler
                0x08009088       0x18 CMakeFiles/charge_switch.dir/Core/Src/usart.c.obj
                0x08009088                DMA1_Channel2_3_IRQHandler
 .text.USART1_IRQHandler
                0x080090a0       0x18 CMakeFiles/charge_switch.dir/Core/Src/usart.c.obj
                0x080090a0                USART1_IRQHandler
 .text.USART2_IRQHandler
                0x080090b8       0x60 CMakeFiles/charge_switch.dir/Core/Src/usart.c.obj
                0x080090b8                USART2_IRQHandler
 .text.DMA1_Channel4_5_6_7_IRQHandler
                0x08009118       0x40 CMakeFiles/charge_switch.dir/Core/Src/usart.c.obj
                0x08009118                DMA1_Channel4_5_6_7_IRQHandler
 .text.NMI_Handler
                0x08009158        0x8 CMakeFiles/charge_switch.dir/Core/Src/stm32l0xx_it.c.obj
                0x08009158                NMI_Handler
 .text.HardFault_Handler
                0x08009160        0x8 CMakeFiles/charge_switch.dir/Core/Src/stm32l0xx_it.c.obj
                0x08009160                HardFault_Handler
 .text.SVC_Handler
                0x08009168        0xa CMakeFiles/charge_switch.dir/Core/Src/stm32l0xx_it.c.obj
                0x08009168                SVC_Handler
 .text.PendSV_Handler
                0x08009172        0xa CMakeFiles/charge_switch.dir/Core/Src/stm32l0xx_it.c.obj
                0x08009172                PendSV_Handler
 .text.SysTick_Handler
                0x0800917c        0xe CMakeFiles/charge_switch.dir/Core/Src/stm32l0xx_it.c.obj
                0x0800917c                SysTick_Handler
 *fill*         0x0800918a        0x2 
 .text.HAL_MspInit
                0x0800918c       0x28 CMakeFiles/charge_switch.dir/Core/Src/stm32l0xx_hal_msp.c.obj
                0x0800918c                HAL_MspInit
 .text._sbrk    0x080091b4       0x6c CMakeFiles/charge_switch.dir/Core/Src/sysmem.c.obj
                0x080091b4                _sbrk
 .text._getpid  0x08009220        0xc CMakeFiles/charge_switch.dir/Core/Src/syscalls.c.obj
                0x08009220                _getpid
 .text._kill    0x0800922c       0x20 CMakeFiles/charge_switch.dir/Core/Src/syscalls.c.obj
                0x0800922c                _kill
 .text._exit    0x0800924c       0x1a CMakeFiles/charge_switch.dir/Core/Src/syscalls.c.obj
                0x0800924c                _exit
 .text._read    0x08009266       0x3a CMakeFiles/charge_switch.dir/Core/Src/syscalls.c.obj
                0x08009266                _read
 .text._write   0x080092a0       0x38 CMakeFiles/charge_switch.dir/Core/Src/syscalls.c.obj
                0x080092a0                _write
 .text._close   0x080092d8       0x14 CMakeFiles/charge_switch.dir/Core/Src/syscalls.c.obj
                0x080092d8                _close
 .text._fstat   0x080092ec       0x1c CMakeFiles/charge_switch.dir/Core/Src/syscalls.c.obj
                0x080092ec                _fstat
 .text._isatty  0x08009308       0x12 CMakeFiles/charge_switch.dir/Core/Src/syscalls.c.obj
                0x08009308                _isatty
 .text._lseek   0x0800931a       0x16 CMakeFiles/charge_switch.dir/Core/Src/syscalls.c.obj
                0x0800931a                _lseek
 .text.Reset_Handler
                0x08009330       0x50 CMakeFiles/charge_switch.dir/startup_stm32l051xx.s.obj
                0x08009330                Reset_Handler
 .text.Default_Handler
                0x08009380        0x2 CMakeFiles/charge_switch.dir/startup_stm32l051xx.s.obj
                0x08009380                PVD_IRQHandler
                0x08009380                I2C1_IRQHandler
                0x08009380                SPI1_IRQHandler
                0x08009380                EXTI2_3_IRQHandler
                0x08009380                I2C2_IRQHandler
                0x08009380                RTC_IRQHandler
                0x08009380                EXTI4_15_IRQHandler
                0x08009380                RCC_IRQHandler
                0x08009380                DMA1_Channel1_IRQHandler
                0x08009380                Default_Handler
                0x08009380                TIM22_IRQHandler
                0x08009380                EXTI0_1_IRQHandler
                0x08009380                SPI2_IRQHandler
                0x08009380                TIM21_IRQHandler
                0x08009380                WWDG_IRQHandler
                0x08009380                LPUART1_IRQHandler
                0x08009380                TIM2_IRQHandler
                0x08009380                FLASH_IRQHandler
                0x08009380                LPTIM1_IRQHandler
 .text.__cvt    0x08009382       0xcc C:/Users/one/AppData/Local/stm32cube/bundles/gnu-tools-for-stm32/13.3.1+st.9/bin/../lib/gcc/arm-none-eabi/13.3.1/../../../../arm-none-eabi/lib/thumb/v6-m/nofp\libg_nano.a(libc_a-nano-vfprintf_float.o)
                0x08009382                __cvt
 .text.__exponent
                0x0800944e       0x7e C:/Users/one/AppData/Local/stm32cube/bundles/gnu-tools-for-stm32/13.3.1+st.9/bin/../lib/gcc/arm-none-eabi/13.3.1/../../../../arm-none-eabi/lib/thumb/v6-m/nofp\libg_nano.a(libc_a-nano-vfprintf_float.o)
                0x0800944e                __exponent
 .text._printf_float
                0x080094cc      0x47c C:/Users/one/AppData/Local/stm32cube/bundles/gnu-tools-for-stm32/13.3.1+st.9/bin/../lib/gcc/arm-none-eabi/13.3.1/../../../../arm-none-eabi/lib/thumb/v6-m/nofp\libg_nano.a(libc_a-nano-vfprintf_float.o)
                0x080094cc                _printf_float
 .text._printf_common
                0x08009948       0xde C:/Users/one/AppData/Local/stm32cube/bundles/gnu-tools-for-stm32/13.3.1+st.9/bin/../lib/gcc/arm-none-eabi/13.3.1/../../../../arm-none-eabi/lib/thumb/v6-m/nofp\libg_nano.a(libc_a-nano-vfprintf_i.o)
                0x08009948                _printf_common
 *fill*         0x08009a26        0x2 
 .text._printf_i
                0x08009a28      0x218 C:/Users/one/AppData/Local/stm32cube/bundles/gnu-tools-for-stm32/13.3.1+st.9/bin/../lib/gcc/arm-none-eabi/13.3.1/../../../../arm-none-eabi/lib/thumb/v6-m/nofp\libg_nano.a(libc_a-nano-vfprintf_i.o)
                0x08009a28                _printf_i
 .text.std      0x08009c40       0x6c C:/Users/one/AppData/Local/stm32cube/bundles/gnu-tools-for-stm32/13.3.1+st.9/bin/../lib/gcc/arm-none-eabi/13.3.1/../../../../arm-none-eabi/lib/thumb/v6-m/nofp\libg_nano.a(libc_a-findfp.o)
 .text.stdio_exit_handler
                0x08009cac       0x1c C:/Users/one/AppData/Local/stm32cube/bundles/gnu-tools-for-stm32/13.3.1+st.9/bin/../lib/gcc/arm-none-eabi/13.3.1/../../../../arm-none-eabi/lib/thumb/v6-m/nofp\libg_nano.a(libc_a-findfp.o)
 .text.cleanup_stdio
                0x08009cc8       0x3c C:/Users/one/AppData/Local/stm32cube/bundles/gnu-tools-for-stm32/13.3.1+st.9/bin/../lib/gcc/arm-none-eabi/13.3.1/../../../../arm-none-eabi/lib/thumb/v6-m/nofp\libg_nano.a(libc_a-findfp.o)
 .text.global_stdio_init.part.0
                0x08009d04       0x3c C:/Users/one/AppData/Local/stm32cube/bundles/gnu-tools-for-stm32/13.3.1+st.9/bin/../lib/gcc/arm-none-eabi/13.3.1/../../../../arm-none-eabi/lib/thumb/v6-m/nofp\libg_nano.a(libc_a-findfp.o)
 .text.__sfp_lock_acquire
                0x08009d40       0x10 C:/Users/one/AppData/Local/stm32cube/bundles/gnu-tools-for-stm32/13.3.1+st.9/bin/../lib/gcc/arm-none-eabi/13.3.1/../../../../arm-none-eabi/lib/thumb/v6-m/nofp\libg_nano.a(libc_a-findfp.o)
                0x08009d40                __sfp_lock_acquire
 .text.__sfp_lock_release
                0x08009d50       0x10 C:/Users/one/AppData/Local/stm32cube/bundles/gnu-tools-for-stm32/13.3.1+st.9/bin/../lib/gcc/arm-none-eabi/13.3.1/../../../../arm-none-eabi/lib/thumb/v6-m/nofp\libg_nano.a(libc_a-findfp.o)
                0x08009d50                __sfp_lock_release
 .text.__sinit  0x08009d60       0x30 C:/Users/one/AppData/Local/stm32cube/bundles/gnu-tools-for-stm32/13.3.1+st.9/bin/../lib/gcc/arm-none-eabi/13.3.1/../../../../arm-none-eabi/lib/thumb/v6-m/nofp\libg_nano.a(libc_a-findfp.o)
                0x08009d60                __sinit
 .text._fwalk_sglue
                0x08009d90       0x38 C:/Users/one/AppData/Local/stm32cube/bundles/gnu-tools-for-stm32/13.3.1+st.9/bin/../lib/gcc/arm-none-eabi/13.3.1/../../../../arm-none-eabi/lib/thumb/v6-m/nofp\libg_nano.a(libc_a-fwalk.o)
                0x08009d90                _fwalk_sglue
 .text.__sread  0x08009dc8       0x28 C:/Users/one/AppData/Local/stm32cube/bundles/gnu-tools-for-stm32/13.3.1+st.9/bin/../lib/gcc/arm-none-eabi/13.3.1/../../../../arm-none-eabi/lib/thumb/v6-m/nofp\libg_nano.a(libc_a-stdio.o)
                0x08009dc8                __sread
 .text.__swrite
                0x08009df0       0x38 C:/Users/one/AppData/Local/stm32cube/bundles/gnu-tools-for-stm32/13.3.1+st.9/bin/../lib/gcc/arm-none-eabi/13.3.1/../../../../arm-none-eabi/lib/thumb/v6-m/nofp\libg_nano.a(libc_a-stdio.o)
                0x08009df0                __swrite
 .text.__sseek  0x08009e28       0x2c C:/Users/one/AppData/Local/stm32cube/bundles/gnu-tools-for-stm32/13.3.1+st.9/bin/../lib/gcc/arm-none-eabi/13.3.1/../../../../arm-none-eabi/lib/thumb/v6-m/nofp\libg_nano.a(libc_a-stdio.o)
                0x08009e28                __sseek
 .text.__sclose
                0x08009e54        0xc C:/Users/one/AppData/Local/stm32cube/bundles/gnu-tools-for-stm32/13.3.1+st.9/bin/../lib/gcc/arm-none-eabi/13.3.1/../../../../arm-none-eabi/lib/thumb/v6-m/nofp\libg_nano.a(libc_a-stdio.o)
                0x08009e54                __sclose
 .text.memset   0x08009e60       0x10 C:/Users/one/AppData/Local/stm32cube/bundles/gnu-tools-for-stm32/13.3.1+st.9/bin/../lib/gcc/arm-none-eabi/13.3.1/../../../../arm-none-eabi/lib/thumb/v6-m/nofp\libg_nano.a(libc_a-memset.o)
                0x08009e60                memset
 .text._localeconv_r
                0x08009e70        0x8 C:/Users/one/AppData/Local/stm32cube/bundles/gnu-tools-for-stm32/13.3.1+st.9/bin/../lib/gcc/arm-none-eabi/13.3.1/../../../../arm-none-eabi/lib/thumb/v6-m/nofp\libg_nano.a(libc_a-localeconv.o)
                0x08009e70                _localeconv_r
 .text._close_r
                0x08009e78       0x24 C:/Users/one/AppData/Local/stm32cube/bundles/gnu-tools-for-stm32/13.3.1+st.9/bin/../lib/gcc/arm-none-eabi/13.3.1/../../../../arm-none-eabi/lib/thumb/v6-m/nofp\libg_nano.a(libc_a-closer.o)
                0x08009e78                _close_r
 .text._lseek_r
                0x08009e9c       0x28 C:/Users/one/AppData/Local/stm32cube/bundles/gnu-tools-for-stm32/13.3.1+st.9/bin/../lib/gcc/arm-none-eabi/13.3.1/../../../../arm-none-eabi/lib/thumb/v6-m/nofp\libg_nano.a(libc_a-lseekr.o)
                0x08009e9c                _lseek_r
 .text._read_r  0x08009ec4       0x28 C:/Users/one/AppData/Local/stm32cube/bundles/gnu-tools-for-stm32/13.3.1+st.9/bin/../lib/gcc/arm-none-eabi/13.3.1/../../../../arm-none-eabi/lib/thumb/v6-m/nofp\libg_nano.a(libc_a-readr.o)
                0x08009ec4                _read_r
 .text._write_r
                0x08009eec       0x28 C:/Users/one/AppData/Local/stm32cube/bundles/gnu-tools-for-stm32/13.3.1+st.9/bin/../lib/gcc/arm-none-eabi/13.3.1/../../../../arm-none-eabi/lib/thumb/v6-m/nofp\libg_nano.a(libc_a-writer.o)
                0x08009eec                _write_r
 .text.__errno  0x08009f14        0xc C:/Users/one/AppData/Local/stm32cube/bundles/gnu-tools-for-stm32/13.3.1+st.9/bin/../lib/gcc/arm-none-eabi/13.3.1/../../../../arm-none-eabi/lib/thumb/v6-m/nofp\libg_nano.a(libc_a-errno.o)
                0x08009f14                __errno
 .text.__libc_init_array
                0x08009f20       0x48 C:/Users/one/AppData/Local/stm32cube/bundles/gnu-tools-for-stm32/13.3.1+st.9/bin/../lib/gcc/arm-none-eabi/13.3.1/../../../../arm-none-eabi/lib/thumb/v6-m/nofp\libg_nano.a(libc_a-init.o)
                0x08009f20                __libc_init_array
 .text.__retarget_lock_init_recursive
                0x08009f68        0x2 C:/Users/one/AppData/Local/stm32cube/bundles/gnu-tools-for-stm32/13.3.1+st.9/bin/../lib/gcc/arm-none-eabi/13.3.1/../../../../arm-none-eabi/lib/thumb/v6-m/nofp\libg_nano.a(libc_a-lock.o)
                0x08009f68                __retarget_lock_init_recursive
 .text.__retarget_lock_acquire_recursive
                0x08009f6a        0x2 C:/Users/one/AppData/Local/stm32cube/bundles/gnu-tools-for-stm32/13.3.1+st.9/bin/../lib/gcc/arm-none-eabi/13.3.1/../../../../arm-none-eabi/lib/thumb/v6-m/nofp\libg_nano.a(libc_a-lock.o)
                0x08009f6a                __retarget_lock_acquire_recursive
 .text.__retarget_lock_release_recursive
                0x08009f6c        0x2 C:/Users/one/AppData/Local/stm32cube/bundles/gnu-tools-for-stm32/13.3.1+st.9/bin/../lib/gcc/arm-none-eabi/13.3.1/../../../../arm-none-eabi/lib/thumb/v6-m/nofp\libg_nano.a(libc_a-lock.o)
                0x08009f6c                __retarget_lock_release_recursive
 .text.memchr   0x08009f6e       0x16 C:/Users/one/AppData/Local/stm32cube/bundles/gnu-tools-for-stm32/13.3.1+st.9/bin/../lib/gcc/arm-none-eabi/13.3.1/../../../../arm-none-eabi/lib/thumb/v6-m/nofp\libg_nano.a(libc_a-memchr-stub.o)
                0x08009f6e                memchr
 .text.memcpy   0x08009f84       0x12 C:/Users/one/AppData/Local/stm32cube/bundles/gnu-tools-for-stm32/13.3.1+st.9/bin/../lib/gcc/arm-none-eabi/13.3.1/../../../../arm-none-eabi/lib/thumb/v6-m/nofp\libg_nano.a(libc_a-memcpy-stub.o)
                0x08009f84                memcpy
 .text.quorem   0x08009f96      0x10a C:/Users/one/AppData/Local/stm32cube/bundles/gnu-tools-for-stm32/13.3.1+st.9/bin/../lib/gcc/arm-none-eabi/13.3.1/../../../../arm-none-eabi/lib/thumb/v6-m/nofp\libg_nano.a(libc_a-dtoa.o)
 .text._dtoa_r  0x0800a0a0      0xbe0 C:/Users/one/AppData/Local/stm32cube/bundles/gnu-tools-for-stm32/13.3.1+st.9/bin/../lib/gcc/arm-none-eabi/13.3.1/../../../../arm-none-eabi/lib/thumb/v6-m/nofp\libg_nano.a(libc_a-dtoa.o)
                0x0800a0a0                _dtoa_r
 .text._free_r  0x0800ac80       0x94 C:/Users/one/AppData/Local/stm32cube/bundles/gnu-tools-for-stm32/13.3.1+st.9/bin/../lib/gcc/arm-none-eabi/13.3.1/../../../../arm-none-eabi/lib/thumb/v6-m/nofp\libg_nano.a(libc_a-freer.o)
                0x0800ac80                _free_r
 .text.malloc   0x0800ad14       0x14 C:/Users/one/AppData/Local/stm32cube/bundles/gnu-tools-for-stm32/13.3.1+st.9/bin/../lib/gcc/arm-none-eabi/13.3.1/../../../../arm-none-eabi/lib/thumb/v6-m/nofp\libg_nano.a(libc_a-malloc.o)
                0x0800ad14                malloc
 .text.sbrk_aligned
                0x0800ad28       0x44 C:/Users/one/AppData/Local/stm32cube/bundles/gnu-tools-for-stm32/13.3.1+st.9/bin/../lib/gcc/arm-none-eabi/13.3.1/../../../../arm-none-eabi/lib/thumb/v6-m/nofp\libg_nano.a(libc_a-mallocr.o)
 .text._malloc_r
                0x0800ad6c      0x100 C:/Users/one/AppData/Local/stm32cube/bundles/gnu-tools-for-stm32/13.3.1+st.9/bin/../lib/gcc/arm-none-eabi/13.3.1/../../../../arm-none-eabi/lib/thumb/v6-m/nofp\libg_nano.a(libc_a-mallocr.o)
                0x0800ad6c                _malloc_r
 .text.__malloc_lock
                0x0800ae6c       0x10 C:/Users/one/AppData/Local/stm32cube/bundles/gnu-tools-for-stm32/13.3.1+st.9/bin/../lib/gcc/arm-none-eabi/13.3.1/../../../../arm-none-eabi/lib/thumb/v6-m/nofp\libg_nano.a(libc_a-mlock.o)
                0x0800ae6c                __malloc_lock
 .text.__malloc_unlock
                0x0800ae7c       0x10 C:/Users/one/AppData/Local/stm32cube/bundles/gnu-tools-for-stm32/13.3.1+st.9/bin/../lib/gcc/arm-none-eabi/13.3.1/../../../../arm-none-eabi/lib/thumb/v6-m/nofp\libg_nano.a(libc_a-mlock.o)
                0x0800ae7c                __malloc_unlock
 .text._Balloc  0x0800ae8c       0x88 C:/Users/one/AppData/Local/stm32cube/bundles/gnu-tools-for-stm32/13.3.1+st.9/bin/../lib/gcc/arm-none-eabi/13.3.1/../../../../arm-none-eabi/lib/thumb/v6-m/nofp\libg_nano.a(libc_a-mprec.o)
                0x0800ae8c                _Balloc
 .text._Bfree   0x0800af14       0x48 C:/Users/one/AppData/Local/stm32cube/bundles/gnu-tools-for-stm32/13.3.1+st.9/bin/../lib/gcc/arm-none-eabi/13.3.1/../../../../arm-none-eabi/lib/thumb/v6-m/nofp\libg_nano.a(libc_a-mprec.o)
                0x0800af14                _Bfree
 .text.__multadd
                0x0800af5c       0x88 C:/Users/one/AppData/Local/stm32cube/bundles/gnu-tools-for-stm32/13.3.1+st.9/bin/../lib/gcc/arm-none-eabi/13.3.1/../../../../arm-none-eabi/lib/thumb/v6-m/nofp\libg_nano.a(libc_a-mprec.o)
                0x0800af5c                __multadd
 .text.__hi0bits
                0x0800afe4       0x42 C:/Users/one/AppData/Local/stm32cube/bundles/gnu-tools-for-stm32/13.3.1+st.9/bin/../lib/gcc/arm-none-eabi/13.3.1/../../../../arm-none-eabi/lib/thumb/v6-m/nofp\libg_nano.a(libc_a-mprec.o)
                0x0800afe4                __hi0bits
 .text.__lo0bits
                0x0800b026       0x5c C:/Users/one/AppData/Local/stm32cube/bundles/gnu-tools-for-stm32/13.3.1+st.9/bin/../lib/gcc/arm-none-eabi/13.3.1/../../../../arm-none-eabi/lib/thumb/v6-m/nofp\libg_nano.a(libc_a-mprec.o)
                0x0800b026                __lo0bits
 *fill*         0x0800b082        0x2 
 .text.__i2b    0x0800b084       0x30 C:/Users/one/AppData/Local/stm32cube/bundles/gnu-tools-for-stm32/13.3.1+st.9/bin/../lib/gcc/arm-none-eabi/13.3.1/../../../../arm-none-eabi/lib/thumb/v6-m/nofp\libg_nano.a(libc_a-mprec.o)
                0x0800b084                __i2b
 .text.__multiply
                0x0800b0b4      0x154 C:/Users/one/AppData/Local/stm32cube/bundles/gnu-tools-for-stm32/13.3.1+st.9/bin/../lib/gcc/arm-none-eabi/13.3.1/../../../../arm-none-eabi/lib/thumb/v6-m/nofp\libg_nano.a(libc_a-mprec.o)
                0x0800b0b4                __multiply
 .text.__pow5mult
                0x0800b208       0xb8 C:/Users/one/AppData/Local/stm32cube/bundles/gnu-tools-for-stm32/13.3.1+st.9/bin/../lib/gcc/arm-none-eabi/13.3.1/../../../../arm-none-eabi/lib/thumb/v6-m/nofp\libg_nano.a(libc_a-mprec.o)
                0x0800b208                __pow5mult
 .text.__lshift
                0x0800b2c0       0xd8 C:/Users/one/AppData/Local/stm32cube/bundles/gnu-tools-for-stm32/13.3.1+st.9/bin/../lib/gcc/arm-none-eabi/13.3.1/../../../../arm-none-eabi/lib/thumb/v6-m/nofp\libg_nano.a(libc_a-mprec.o)
                0x0800b2c0                __lshift
 .text.__mcmp   0x0800b398       0x36 C:/Users/one/AppData/Local/stm32cube/bundles/gnu-tools-for-stm32/13.3.1+st.9/bin/../lib/gcc/arm-none-eabi/13.3.1/../../../../arm-none-eabi/lib/thumb/v6-m/nofp\libg_nano.a(libc_a-mprec.o)
                0x0800b398                __mcmp
 *fill*         0x0800b3ce        0x2 
 .text.__mdiff  0x0800b3d0      0x134 C:/Users/one/AppData/Local/stm32cube/bundles/gnu-tools-for-stm32/13.3.1+st.9/bin/../lib/gcc/arm-none-eabi/13.3.1/../../../../arm-none-eabi/lib/thumb/v6-m/nofp\libg_nano.a(libc_a-mprec.o)
                0x0800b3d0                __mdiff
 .text.__d2b    0x0800b504       0xc0 C:/Users/one/AppData/Local/stm32cube/bundles/gnu-tools-for-stm32/13.3.1+st.9/bin/../lib/gcc/arm-none-eabi/13.3.1/../../../../arm-none-eabi/lib/thumb/v6-m/nofp\libg_nano.a(libc_a-mprec.o)
                0x0800b504                __d2b
 .text.__sflush_r
                0x0800b5c4      0x10c C:/Users/one/AppData/Local/stm32cube/bundles/gnu-tools-for-stm32/13.3.1+st.9/bin/../lib/gcc/arm-none-eabi/13.3.1/../../../../arm-none-eabi/lib/thumb/v6-m/nofp\libg_nano.a(libc_a-fflush.o)
                0x0800b5c4                __sflush_r
 .text._fflush_r
                0x0800b6d0       0x56 C:/Users/one/AppData/Local/stm32cube/bundles/gnu-tools-for-stm32/13.3.1+st.9/bin/../lib/gcc/arm-none-eabi/13.3.1/../../../../arm-none-eabi/lib/thumb/v6-m/nofp\libg_nano.a(libc_a-fflush.o)
                0x0800b6d0                _fflush_r
 *fill*         0x0800b726        0x2 
 .text._sbrk_r  0x0800b728       0x24 C:/Users/one/AppData/Local/stm32cube/bundles/gnu-tools-for-stm32/13.3.1+st.9/bin/../lib/gcc/arm-none-eabi/13.3.1/../../../../arm-none-eabi/lib/thumb/v6-m/nofp\libg_nano.a(libc_a-sbrkr.o)
                0x0800b728                _sbrk_r
 .text.__assert_func
                0x0800b74c       0x3c C:/Users/one/AppData/Local/stm32cube/bundles/gnu-tools-for-stm32/13.3.1+st.9/bin/../lib/gcc/arm-none-eabi/13.3.1/../../../../arm-none-eabi/lib/thumb/v6-m/nofp\libg_nano.a(libc_a-assert.o)
                0x0800b74c                __assert_func
 .text._calloc_r
                0x0800b788       0x5a C:/Users/one/AppData/Local/stm32cube/bundles/gnu-tools-for-stm32/13.3.1+st.9/bin/../lib/gcc/arm-none-eabi/13.3.1/../../../../arm-none-eabi/lib/thumb/v6-m/nofp\libg_nano.a(libc_a-callocr.o)
                0x0800b788                _calloc_r
 .text.__ascii_mbtowc
                0x0800b7e2       0x24 C:/Users/one/AppData/Local/stm32cube/bundles/gnu-tools-for-stm32/13.3.1+st.9/bin/../lib/gcc/arm-none-eabi/13.3.1/../../../../arm-none-eabi/lib/thumb/v6-m/nofp\libg_nano.a(libc_a-mbtowc_r.o)
                0x0800b7e2                __ascii_mbtowc
 .text.__ascii_wctomb
                0x0800b806       0x1a C:/Users/one/AppData/Local/stm32cube/bundles/gnu-tools-for-stm32/13.3.1+st.9/bin/../lib/gcc/arm-none-eabi/13.3.1/../../../../arm-none-eabi/lib/thumb/v6-m/nofp\libg_nano.a(libc_a-wctomb_r.o)
                0x0800b806                __ascii_wctomb
 .text.fprintf  0x0800b820       0x20 C:/Users/one/AppData/Local/stm32cube/bundles/gnu-tools-for-stm32/13.3.1+st.9/bin/../lib/gcc/arm-none-eabi/13.3.1/../../../../arm-none-eabi/lib/thumb/v6-m/nofp\libg_nano.a(libc_a-fprintf.o)
                0x0800b820                fiprintf
                0x0800b820                fprintf
 .text.abort    0x0800b840        0xe C:/Users/one/AppData/Local/stm32cube/bundles/gnu-tools-for-stm32/13.3.1+st.9/bin/../lib/gcc/arm-none-eabi/13.3.1/../../../../arm-none-eabi/lib/thumb/v6-m/nofp\libg_nano.a(libc_a-abort.o)
                0x0800b840                abort
 .text.__sfputc_r
                0x0800b84e       0x2a C:/Users/one/AppData/Local/stm32cube/bundles/gnu-tools-for-stm32/13.3.1+st.9/bin/../lib/gcc/arm-none-eabi/13.3.1/../../../../arm-none-eabi/lib/thumb/v6-m/nofp\libg_nano.a(libc_a-nano-vfprintf.o)
 .text.__sfputs_r
                0x0800b878       0x24 C:/Users/one/AppData/Local/stm32cube/bundles/gnu-tools-for-stm32/13.3.1+st.9/bin/../lib/gcc/arm-none-eabi/13.3.1/../../../../arm-none-eabi/lib/thumb/v6-m/nofp\libg_nano.a(libc_a-nano-vfprintf.o)
                0x0800b878                __sfputs_r
 .text._vfprintf_r
                0x0800b89c      0x238 C:/Users/one/AppData/Local/stm32cube/bundles/gnu-tools-for-stm32/13.3.1+st.9/bin/../lib/gcc/arm-none-eabi/13.3.1/../../../../arm-none-eabi/lib/thumb/v6-m/nofp\libg_nano.a(libc_a-nano-vfprintf.o)
                0x0800b89c                _vfprintf_r
                0x0800b89c                _vfiprintf_r
 .text.__swbuf_r
                0x0800bad4       0x84 C:/Users/one/AppData/Local/stm32cube/bundles/gnu-tools-for-stm32/13.3.1+st.9/bin/../lib/gcc/arm-none-eabi/13.3.1/../../../../arm-none-eabi/lib/thumb/v6-m/nofp\libg_nano.a(libc_a-wbuf.o)
                0x0800bad4                __swbuf_r
 .text.__swsetup_r
                0x0800bb58       0xbc C:/Users/one/AppData/Local/stm32cube/bundles/gnu-tools-for-stm32/13.3.1+st.9/bin/../lib/gcc/arm-none-eabi/13.3.1/../../../../arm-none-eabi/lib/thumb/v6-m/nofp\libg_nano.a(libc_a-wsetup.o)
                0x0800bb58                __swsetup_r
 .text._raise_r
                0x0800bc14       0x52 C:/Users/one/AppData/Local/stm32cube/bundles/gnu-tools-for-stm32/13.3.1+st.9/bin/../lib/gcc/arm-none-eabi/13.3.1/../../../../arm-none-eabi/lib/thumb/v6-m/nofp\libg_nano.a(libc_a-signal.o)
                0x0800bc14                _raise_r
 *fill*         0x0800bc66        0x2 
 .text.raise    0x0800bc68       0x14 C:/Users/one/AppData/Local/stm32cube/bundles/gnu-tools-for-stm32/13.3.1+st.9/bin/../lib/gcc/arm-none-eabi/13.3.1/../../../../arm-none-eabi/lib/thumb/v6-m/nofp\libg_nano.a(libc_a-signal.o)
                0x0800bc68                raise
 .text._kill_r  0x0800bc7c       0x24 C:/Users/one/AppData/Local/stm32cube/bundles/gnu-tools-for-stm32/13.3.1+st.9/bin/../lib/gcc/arm-none-eabi/13.3.1/../../../../arm-none-eabi/lib/thumb/v6-m/nofp\libg_nano.a(libc_a-signalr.o)
                0x0800bc7c                _kill_r
 .text._getpid_r
                0x0800bca0        0x8 C:/Users/one/AppData/Local/stm32cube/bundles/gnu-tools-for-stm32/13.3.1+st.9/bin/../lib/gcc/arm-none-eabi/13.3.1/../../../../arm-none-eabi/lib/thumb/v6-m/nofp\libg_nano.a(libc_a-signalr.o)
                0x0800bca0                _getpid_r
 .text.__swhatbuf_r
                0x0800bca8       0x54 C:/Users/one/AppData/Local/stm32cube/bundles/gnu-tools-for-stm32/13.3.1+st.9/bin/../lib/gcc/arm-none-eabi/13.3.1/../../../../arm-none-eabi/lib/thumb/v6-m/nofp\libg_nano.a(libc_a-makebuf.o)
                0x0800bca8                __swhatbuf_r
 .text.__smakebuf_r
                0x0800bcfc       0x82 C:/Users/one/AppData/Local/stm32cube/bundles/gnu-tools-for-stm32/13.3.1+st.9/bin/../lib/gcc/arm-none-eabi/13.3.1/../../../../arm-none-eabi/lib/thumb/v6-m/nofp\libg_nano.a(libc_a-makebuf.o)
                0x0800bcfc                __smakebuf_r
 *fill*         0x0800bd7e        0x2 
 .text._fstat_r
                0x0800bd80       0x24 C:/Users/one/AppData/Local/stm32cube/bundles/gnu-tools-for-stm32/13.3.1+st.9/bin/../lib/gcc/arm-none-eabi/13.3.1/../../../../arm-none-eabi/lib/thumb/v6-m/nofp\libg_nano.a(libc_a-fstatr.o)
                0x0800bd80                _fstat_r
 .text._isatty_r
                0x0800bda4       0x24 C:/Users/one/AppData/Local/stm32cube/bundles/gnu-tools-for-stm32/13.3.1+st.9/bin/../lib/gcc/arm-none-eabi/13.3.1/../../../../arm-none-eabi/lib/thumb/v6-m/nofp\libg_nano.a(libc_a-isattyr.o)
                0x0800bda4                _isatty_r
 *(.glue_7)
 .glue_7        0x0800bdc8        0x0 linker stubs
 *(.glue_7t)
 .glue_7t       0x0800bdc8        0x0 linker stubs
 *(.eh_frame)
 .eh_frame      0x0800bdc8        0x0 C:/Users/one/AppData/Local/stm32cube/bundles/gnu-tools-for-stm32/13.3.1+st.9/bin/../lib/gcc/arm-none-eabi/13.3.1/thumb/v6-m/nofp/crtbegin.o
 *(.init)
 .init          0x0800bdc8        0x4 C:/Users/one/AppData/Local/stm32cube/bundles/gnu-tools-for-stm32/13.3.1+st.9/bin/../lib/gcc/arm-none-eabi/13.3.1/thumb/v6-m/nofp/crti.o
                0x0800bdc8                _init
 .init          0x0800bdcc        0x8 C:/Users/one/AppData/Local/stm32cube/bundles/gnu-tools-for-stm32/13.3.1+st.9/bin/../lib/gcc/arm-none-eabi/13.3.1/thumb/v6-m/nofp/crtn.o
 *(.fini)
 .fini          0x0800bdd4        0x4 C:/Users/one/AppData/Local/stm32cube/bundles/gnu-tools-for-stm32/13.3.1+st.9/bin/../lib/gcc/arm-none-eabi/13.3.1/thumb/v6-m/nofp/crti.o
                0x0800bdd4                _fini
 .fini          0x0800bdd8        0x8 C:/Users/one/AppData/Local/stm32cube/bundles/gnu-tools-for-stm32/13.3.1+st.9/bin/../lib/gcc/arm-none-eabi/13.3.1/thumb/v6-m/nofp/crtn.o
                0x0800bde0                        . = ALIGN (0x4)
                0x0800bde0                        _etext = .

.vfp11_veneer   0x0800bde0        0x0
 .vfp11_veneer  0x0800bde0        0x0 linker stubs

.v4_bx          0x0800bde0        0x0
 .v4_bx         0x0800bde0        0x0 linker stubs

.iplt           0x0800bde0        0x0
 .iplt          0x0800bde0        0x0 C:/Users/one/AppData/Local/stm32cube/bundles/gnu-tools-for-stm32/13.3.1+st.9/bin/../lib/gcc/arm-none-eabi/13.3.1/thumb/v6-m/nofp/crtbegin.o

.rodata         0x0800bde0      0x4cc
                0x0800bde0                        . = ALIGN (0x4)
 *(.rodata)
 .rodata        0x0800bde0       0x7c C:/Users/one/AppData/Local/stm32cube/bundles/gnu-tools-for-stm32/13.3.1+st.9/bin/../lib/gcc/arm-none-eabi/13.3.1/thumb/v6-m/nofp\libgcc.a(divsf3.o)
 .rodata        0x0800be5c       0x40 C:/Users/one/AppData/Local/stm32cube/bundles/gnu-tools-for-stm32/13.3.1+st.9/bin/../lib/gcc/arm-none-eabi/13.3.1/thumb/v6-m/nofp\libgcc.a(divdf3.o)
 *(.rodata*)
 .rodata.AHBPrescTable
                0x0800be9c       0x10 cmake/stm32cubemx/CMakeFiles/STM32_Drivers.dir/__/__/Core/Src/system_stm32l0xx.c.obj
                0x0800be9c                AHBPrescTable
 .rodata.APBPrescTable
                0x0800beac        0x8 cmake/stm32cubemx/CMakeFiles/STM32_Drivers.dir/__/__/Core/Src/system_stm32l0xx.c.obj
                0x0800beac                APBPrescTable
 .rodata.PLLMulTable
                0x0800beb4        0x9 cmake/stm32cubemx/CMakeFiles/STM32_Drivers.dir/__/__/Core/Src/system_stm32l0xx.c.obj
                0x0800beb4                PLLMulTable
 *fill*         0x0800bebd        0x3 
 .rodata.UART_SetConfig
                0x0800bec0       0x48 cmake/stm32cubemx/CMakeFiles/STM32_Drivers.dir/__/__/Drivers/STM32L0xx_HAL_Driver/Src/stm32l0xx_hal_uart.c.obj
 .rodata.ShortPressAction
                0x0800bf08       0x2c CMakeFiles/charge_switch.dir/Core/Src/main.c.obj
 .rodata._printf_float.str1.1
                0x0800bf34      0x171 C:/Users/one/AppData/Local/stm32cube/bundles/gnu-tools-for-stm32/13.3.1+st.9/bin/../lib/gcc/arm-none-eabi/13.3.1/../../../../arm-none-eabi/lib/thumb/v6-m/nofp\libg_nano.a(libc_a-nano-vfprintf_float.o)
                                 0x12 (size before relaxing)
 .rodata._printf_i.str1.1
                0x0800c0a5        0x0 C:/Users/one/AppData/Local/stm32cube/bundles/gnu-tools-for-stm32/13.3.1+st.9/bin/../lib/gcc/arm-none-eabi/13.3.1/../../../../arm-none-eabi/lib/thumb/v6-m/nofp\libg_nano.a(libc_a-nano-vfprintf_i.o)
                                 0x22 (size before relaxing)
 .rodata._dtoa_r.str1.1
                0x0800c0a5        0x0 C:/Users/one/AppData/Local/stm32cube/bundles/gnu-tools-for-stm32/13.3.1+st.9/bin/../lib/gcc/arm-none-eabi/13.3.1/../../../../arm-none-eabi/lib/thumb/v6-m/nofp\libg_nano.a(libc_a-dtoa.o)
                                 0x8f (size before relaxing)
 .rodata._Balloc.str1.1
                0x0800c0a5        0x0 C:/Users/one/AppData/Local/stm32cube/bundles/gnu-tools-for-stm32/13.3.1+st.9/bin/../lib/gcc/arm-none-eabi/13.3.1/../../../../arm-none-eabi/lib/thumb/v6-m/nofp\libg_nano.a(libc_a-mprec.o)
                                 0x70 (size before relaxing)
 .rodata.__multadd.str1.1
                0x0800c0a5        0x0 C:/Users/one/AppData/Local/stm32cube/bundles/gnu-tools-for-stm32/13.3.1+st.9/bin/../lib/gcc/arm-none-eabi/13.3.1/../../../../arm-none-eabi/lib/thumb/v6-m/nofp\libg_nano.a(libc_a-mprec.o)
                                 0x11 (size before relaxing)
 *fill*         0x0800c0a5        0x3 
 .rodata.p05.0  0x0800c0a8        0xc C:/Users/one/AppData/Local/stm32cube/bundles/gnu-tools-for-stm32/13.3.1+st.9/bin/../lib/gcc/arm-none-eabi/13.3.1/../../../../arm-none-eabi/lib/thumb/v6-m/nofp\libg_nano.a(libc_a-mprec.o)
 *fill*         0x0800c0b4        0x4 
 .rodata.__mprec_bigtens
                0x0800c0b8       0x28 C:/Users/one/AppData/Local/stm32cube/bundles/gnu-tools-for-stm32/13.3.1+st.9/bin/../lib/gcc/arm-none-eabi/13.3.1/../../../../arm-none-eabi/lib/thumb/v6-m/nofp\libg_nano.a(libc_a-mprec.o)
                0x0800c0b8                __mprec_bigtens
 .rodata.__mprec_tens
                0x0800c0e0       0xc8 C:/Users/one/AppData/Local/stm32cube/bundles/gnu-tools-for-stm32/13.3.1+st.9/bin/../lib/gcc/arm-none-eabi/13.3.1/../../../../arm-none-eabi/lib/thumb/v6-m/nofp\libg_nano.a(libc_a-mprec.o)
                0x0800c0e0                __mprec_tens
 .rodata._setlocale_r.str1.1
                0x0800c1a8        0x0 C:/Users/one/AppData/Local/stm32cube/bundles/gnu-tools-for-stm32/13.3.1+st.9/bin/../lib/gcc/arm-none-eabi/13.3.1/../../../../arm-none-eabi/lib/thumb/v6-m/nofp\libg_nano.a(libc_a-locale.o)
                                  0x9 (size before relaxing)
 .rodata.str1.1
                0x0800c1a8        0x0 C:/Users/one/AppData/Local/stm32cube/bundles/gnu-tools-for-stm32/13.3.1+st.9/bin/../lib/gcc/arm-none-eabi/13.3.1/../../../../arm-none-eabi/lib/thumb/v6-m/nofp\libg_nano.a(libc_a-locale.o)
                                  0x2 (size before relaxing)
 .rodata.__assert_func.str1.1
                0x0800c1a8        0x0 C:/Users/one/AppData/Local/stm32cube/bundles/gnu-tools-for-stm32/13.3.1+st.9/bin/../lib/gcc/arm-none-eabi/13.3.1/../../../../arm-none-eabi/lib/thumb/v6-m/nofp\libg_nano.a(libc_a-assert.o)
                                 0x3d (size before relaxing)
 .rodata._ctype_
                0x0800c1a8      0x101 C:/Users/one/AppData/Local/stm32cube/bundles/gnu-tools-for-stm32/13.3.1+st.9/bin/../lib/gcc/arm-none-eabi/13.3.1/../../../../arm-none-eabi/lib/thumb/v6-m/nofp\libg_nano.a(libc_a-ctype_.o)
                0x0800c1a8                _ctype_
 .rodata._vfprintf_r.str1.1
                0x0800c2a9        0x0 C:/Users/one/AppData/Local/stm32cube/bundles/gnu-tools-for-stm32/13.3.1+st.9/bin/../lib/gcc/arm-none-eabi/13.3.1/../../../../arm-none-eabi/lib/thumb/v6-m/nofp\libg_nano.a(libc_a-nano-vfprintf.o)
                                 0x11 (size before relaxing)
                0x0800c2ac                        . = ALIGN (0x4)
 *fill*         0x0800c2a9        0x3 

.ARM.extab      0x0800c2ac        0x0
                0x0800c2ac                        . = ALIGN (0x4)
 *(.ARM.extab* .gnu.linkonce.armextab.*)
                0x0800c2ac                        . = ALIGN (0x4)

.ARM            0x0800c2ac        0x8
                0x0800c2ac                        . = ALIGN (0x4)
                0x0800c2ac                        __exidx_start = .
 *(.ARM.exidx*)
 .ARM.exidx     0x0800c2ac        0x8 C:/Users/one/AppData/Local/stm32cube/bundles/gnu-tools-for-stm32/13.3.1+st.9/bin/../lib/gcc/arm-none-eabi/13.3.1/thumb/v6-m/nofp\libgcc.a(_udivmoddi4.o)
                0x0800c2b4                        __exidx_end = .
                0x0800c2b4                        . = ALIGN (0x4)

.preinit_array  0x0800c2b4        0x0
                0x0800c2b4                        . = ALIGN (0x4)
                0x0800c2b4                        PROVIDE (__preinit_array_start = .)
 *(.preinit_array*)
                0x0800c2b4                        PROVIDE (__preinit_array_end = .)
                0x0800c2b4                        . = ALIGN (0x4)

.init_array     0x0800c2b4        0x4
                0x0800c2b4                        . = ALIGN (0x4)
                0x0800c2b4                        PROVIDE (__init_array_start = .)
 *(SORT_BY_NAME(.init_array.*))
 *(.init_array*)
 .init_array    0x0800c2b4        0x4 C:/Users/one/AppData/Local/stm32cube/bundles/gnu-tools-for-stm32/13.3.1+st.9/bin/../lib/gcc/arm-none-eabi/13.3.1/thumb/v6-m/nofp/crtbegin.o
                0x0800c2b8                        PROVIDE (__init_array_end = .)
                0x0800c2b8                        . = ALIGN (0x4)

.fini_array     0x0800c2b8        0x4
                0x0800c2b8                        . = ALIGN (0x4)
                [!provide]                        PROVIDE (__fini_array_start = .)
 *(SORT_BY_NAME(.fini_array.*))
 *(.fini_array*)
 .fini_array    0x0800c2b8        0x4 C:/Users/one/AppData/Local/stm32cube/bundles/gnu-tools-for-stm32/13.3.1+st.9/bin/../lib/gcc/arm-none-eabi/13.3.1/thumb/v6-m/nofp/crtbegin.o
                [!provide]                        PROVIDE (__fini_array_end = .)
                0x0800c2bc                        . = ALIGN (0x4)
                0x0800c2bc                        _sidata = LOADADDR (.data)

.rel.dyn        0x0800c2bc        0x0
 .rel.iplt      0x0800c2bc        0x0 C:/Users/one/AppData/Local/stm32cube/bundles/gnu-tools-for-stm32/13.3.1+st.9/bin/../lib/gcc/arm-none-eabi/13.3.1/thumb/v6-m/nofp/crtbegin.o

.data           0x20000000      0x1d4 load address 0x0800c2bc
                0x20000000                        . = ALIGN (0x4)
                0x20000000                        _sdata = .
 *(.data)
 *(.data*)
 .data.SystemCoreClock
                0x20000000        0x4 cmake/stm32cubemx/CMakeFiles/STM32_Drivers.dir/__/__/Core/Src/system_stm32l0xx.c.obj
                0x20000000                SystemCoreClock
 .data.uwTickPrio
                0x20000004        0x4 cmake/stm32cubemx/CMakeFiles/STM32_Drivers.dir/__/__/Drivers/STM32L0xx_HAL_Driver/Src/stm32l0xx_hal.c.obj
                0x20000004                uwTickPrio
 .data.uwTickFreq
                0x20000008        0x1 cmake/stm32cubemx/CMakeFiles/STM32_Drivers.dir/__/__/Drivers/STM32L0xx_HAL_Driver/Src/stm32l0xx_hal.c.obj
                0x20000008                uwTickFreq
 .data.gearkey  0x20000009        0x1 CMakeFiles/charge_switch.dir/Core/Src/main.c.obj
 .data.reveflag.2
                0x2000000a        0x1 CMakeFiles/charge_switch.dir/Core/Src/main.c.obj
 *fill*         0x2000000b        0x1 
 .data.__sglue  0x2000000c        0xc C:/Users/one/AppData/Local/stm32cube/bundles/gnu-tools-for-stm32/13.3.1+st.9/bin/../lib/gcc/arm-none-eabi/13.3.1/../../../../arm-none-eabi/lib/thumb/v6-m/nofp\libg_nano.a(libc_a-findfp.o)
                0x2000000c                __sglue
 .data._impure_ptr
                0x20000018        0x4 C:/Users/one/AppData/Local/stm32cube/bundles/gnu-tools-for-stm32/13.3.1+st.9/bin/../lib/gcc/arm-none-eabi/13.3.1/../../../../arm-none-eabi/lib/thumb/v6-m/nofp\libg_nano.a(libc_a-impure.o)
                0x20000018                _impure_ptr
 .data._impure_data
                0x2000001c       0x4c C:/Users/one/AppData/Local/stm32cube/bundles/gnu-tools-for-stm32/13.3.1+st.9/bin/../lib/gcc/arm-none-eabi/13.3.1/../../../../arm-none-eabi/lib/thumb/v6-m/nofp\libg_nano.a(libc_a-impure.o)
                0x2000001c                _impure_data
 .data.__global_locale
                0x20000068      0x16c C:/Users/one/AppData/Local/stm32cube/bundles/gnu-tools-for-stm32/13.3.1+st.9/bin/../lib/gcc/arm-none-eabi/13.3.1/../../../../arm-none-eabi/lib/thumb/v6-m/nofp\libg_nano.a(libc_a-locale.o)
                0x20000068                __global_locale
 *(.RamFunc)
 *(.RamFunc*)
                0x200001d4                        . = ALIGN (0x4)

.igot.plt       0x200001d4        0x0 load address 0x0800c490
 .igot.plt      0x200001d4        0x0 C:/Users/one/AppData/Local/stm32cube/bundles/gnu-tools-for-stm32/13.3.1+st.9/bin/../lib/gcc/arm-none-eabi/13.3.1/thumb/v6-m/nofp/crtbegin.o

.tdata          0x200001d4        0x0 load address 0x0800c490
 *(.tdata .tdata.* .gnu.linkonce.td.*)
                0x200001d4                        . = ALIGN (0x4)
                0x200001d4                        _edata = .
                [!provide]                        PROVIDE (__data_end = .)
                [!provide]                        PROVIDE (__tdata_end = .)
                [!provide]                        PROVIDE (__tdata_start = ADDR (.tdata))
                [!provide]                        PROVIDE (__tdata_size = (__tdata_end - __tdata_start))
                [!provide]                        PROVIDE (__data_start = ADDR (.data))
                [!provide]                        PROVIDE (__data_size = (__data_end - __data_start))
                [!provide]                        PROVIDE (__tdata_source = LOADADDR (.tdata))
                [!provide]                        PROVIDE (__tdata_source_end = (LOADADDR (.tdata) + SIZEOF (.tdata)))
                [!provide]                        PROVIDE (__tdata_source_size = (__tdata_source_end - __tdata_source))
                [!provide]                        PROVIDE (__data_source = LOADADDR (.data))
                [!provide]                        PROVIDE (__data_source_end = __tdata_source_end)
                [!provide]                        PROVIDE (__data_source_size = (__data_source_end - __data_source))

.tbss           0x200001d4        0x0 load address 0x0800c490
                0x200001d4                        _sbss = .
                0x200001d4                        __bss_start__ = _sbss
 *(.tbss .tbss.*)
                0x200001d4                        . = ALIGN (0x4)
                [!provide]                        PROVIDE (__tbss_end = .)
                [!provide]                        PROVIDE (__tbss_start = ADDR (.tbss))
                [!provide]                        PROVIDE (__tbss_size = (__tbss_end - __tbss_start))
                [!provide]                        PROVIDE (__tbss_offset = (ADDR (.tbss) - ADDR (.tdata)))
                [!provide]                        PROVIDE (__tls_base = __tdata_start)
                [!provide]                        PROVIDE (__tls_end = __tbss_end)
                [!provide]                        PROVIDE (__tls_size = (__tls_end - __tls_base))
                [!provide]                        PROVIDE (__tls_align = MAX (ALIGNOF (.tdata), ALIGNOF (.tbss)))
                [!provide]                        PROVIDE (__tls_size_align = (((__tls_size + __tls_align) - 0x1) & ~ ((__tls_align - 0x1))))
                [!provide]                        PROVIDE (__arm32_tls_tcb_offset = MAX (0x8, __tls_align))
                [!provide]                        PROVIDE (__arm64_tls_tcb_offset = MAX (0x10, __tls_align))

.bss            0x200001d4      0x684 load address 0x0800c490
 *(.bss)
 .bss           0x200001d4       0x1c C:/Users/one/AppData/Local/stm32cube/bundles/gnu-tools-for-stm32/13.3.1+st.9/bin/../lib/gcc/arm-none-eabi/13.3.1/thumb/v6-m/nofp/crtbegin.o
 *(.bss*)
 .bss.uwTick    0x200001f0        0x4 cmake/stm32cubemx/CMakeFiles/STM32_Drivers.dir/__/__/Drivers/STM32L0xx_HAL_Driver/Src/stm32l0xx_hal.c.obj
                0x200001f0                uwTick
 .bss.hiwdg     0x200001f4       0x10 CMakeFiles/charge_switch.dir/Core/Src/main.c.obj
                0x200001f4                hiwdg
 .bss.debounce_cnt
                0x20000204        0x4 CMakeFiles/charge_switch.dir/Core/Src/main.c.obj
 .bss.pending_state
                0x20000208        0x1 CMakeFiles/charge_switch.dir/Core/Src/main.c.obj
 .bss.stable_state
                0x20000209        0x1 CMakeFiles/charge_switch.dir/Core/Src/main.c.obj
 *fill*         0x2000020a        0x2 
 .bss.sys_tick_ms
                0x2000020c        0x4 CMakeFiles/charge_switch.dir/Core/Src/main.c.obj
                0x2000020c                sys_tick_ms
 .bss.tick_10ms
                0x20000210        0x1 CMakeFiles/charge_switch.dir/Core/Src/main.c.obj
                0x20000210                tick_10ms
 *fill*         0x20000211        0x3 
 .bss.vol_v     0x20000214        0x4 CMakeFiles/charge_switch.dir/Core/Src/main.c.obj
                0x20000214                vol_v
 .bss.chargeflag
                0x20000218        0x1 CMakeFiles/charge_switch.dir/Core/Src/main.c.obj
                0x20000218                chargeflag
 *fill*         0x20000219        0x3 
 .bss.key       0x2000021c        0xc CMakeFiles/charge_switch.dir/Core/Src/main.c.obj
                0x2000021c                key
 .bss.pwm_is_on
                0x20000228        0x1 CMakeFiles/charge_switch.dir/Core/Src/main.c.obj
 *fill*         0x20000229        0x3 
 .bss.last_adc_time.3
                0x2000022c        0x4 CMakeFiles/charge_switch.dir/Core/Src/main.c.obj
 .bss.last_time.1
                0x20000230        0x4 CMakeFiles/charge_switch.dir/Core/Src/main.c.obj
 .bss.led_count.0
                0x20000234        0x1 CMakeFiles/charge_switch.dir/Core/Src/main.c.obj
 *fill*         0x20000235        0x3 
 .bss.hadc      0x20000238       0x5c CMakeFiles/charge_switch.dir/Core/Src/adc.c.obj
                0x20000238                hadc
 .bss.htim22    0x20000294       0x40 CMakeFiles/charge_switch.dir/Core/Src/tim.c.obj
                0x20000294                htim22
 .bss.htim6     0x200002d4       0x40 CMakeFiles/charge_switch.dir/Core/Src/tim.c.obj
                0x200002d4                htim6
 .bss.g_usart1_rx_buf
                0x20000314       0xff CMakeFiles/charge_switch.dir/Core/Src/usart.c.obj
                0x20000314                g_usart1_rx_buf
 *fill*         0x20000413        0x1 
 .bss.g_usart1_rx_sta
                0x20000414        0x2 CMakeFiles/charge_switch.dir/Core/Src/usart.c.obj
                0x20000414                g_usart1_rx_sta
 *fill*         0x20000416        0x2 
 .bss.g_usart1_rx_buffer
                0x20000418        0x1 CMakeFiles/charge_switch.dir/Core/Src/usart.c.obj
                0x20000418                g_usart1_rx_buffer
 *fill*         0x20000419        0x3 
 .bss.UsartRxData2
                0x2000041c       0xff CMakeFiles/charge_switch.dir/Core/Src/usart.c.obj
                0x2000041c                UsartRxData2
 *fill*         0x2000051b        0x1 
 .bss.UsartRxLen2
                0x2000051c        0x2 CMakeFiles/charge_switch.dir/Core/Src/usart.c.obj
                0x2000051c                UsartRxLen2
 .bss.UsartTxflag1
                0x2000051e        0x1 CMakeFiles/charge_switch.dir/Core/Src/usart.c.obj
                0x2000051e                UsartTxflag1
 .bss.UsartTxflag2
                0x2000051f        0x1 CMakeFiles/charge_switch.dir/Core/Src/usart.c.obj
                0x2000051f                UsartTxflag2
 .bss.huart1    0x20000520       0x88 CMakeFiles/charge_switch.dir/Core/Src/usart.c.obj
                0x20000520                huart1
 .bss.huart2    0x200005a8       0x88 CMakeFiles/charge_switch.dir/Core/Src/usart.c.obj
                0x200005a8                huart2
 .bss.hdma_usart1_tx
                0x20000630       0x48 CMakeFiles/charge_switch.dir/Core/Src/usart.c.obj
                0x20000630                hdma_usart1_tx
 .bss.hdma_usart2_rx
                0x20000678       0x48 CMakeFiles/charge_switch.dir/Core/Src/usart.c.obj
                0x20000678                hdma_usart2_rx
 .bss.hdma_usart2_tx
                0x200006c0       0x48 CMakeFiles/charge_switch.dir/Core/Src/usart.c.obj
                0x200006c0                hdma_usart2_tx
 .bss.__sbrk_heap_end
                0x20000708        0x4 CMakeFiles/charge_switch.dir/Core/Src/sysmem.c.obj
 .bss.__sf      0x2000070c      0x138 C:/Users/one/AppData/Local/stm32cube/bundles/gnu-tools-for-stm32/13.3.1+st.9/bin/../lib/gcc/arm-none-eabi/13.3.1/../../../../arm-none-eabi/lib/thumb/v6-m/nofp\libg_nano.a(libc_a-findfp.o)
                0x2000070c                __sf
 .bss.__stdio_exit_handler
                0x20000844        0x4 C:/Users/one/AppData/Local/stm32cube/bundles/gnu-tools-for-stm32/13.3.1+st.9/bin/../lib/gcc/arm-none-eabi/13.3.1/../../../../arm-none-eabi/lib/thumb/v6-m/nofp\libg_nano.a(libc_a-findfp.o)
                0x20000844                __stdio_exit_handler
 .bss.errno     0x20000848        0x4 C:/Users/one/AppData/Local/stm32cube/bundles/gnu-tools-for-stm32/13.3.1+st.9/bin/../lib/gcc/arm-none-eabi/13.3.1/../../../../arm-none-eabi/lib/thumb/v6-m/nofp\libg_nano.a(libc_a-reent.o)
                0x20000848                errno
 .bss.__lock___malloc_recursive_mutex
                0x2000084c        0x1 C:/Users/one/AppData/Local/stm32cube/bundles/gnu-tools-for-stm32/13.3.1+st.9/bin/../lib/gcc/arm-none-eabi/13.3.1/../../../../arm-none-eabi/lib/thumb/v6-m/nofp\libg_nano.a(libc_a-lock.o)
                0x2000084c                __lock___malloc_recursive_mutex
 .bss.__lock___sfp_recursive_mutex
                0x2000084d        0x1 C:/Users/one/AppData/Local/stm32cube/bundles/gnu-tools-for-stm32/13.3.1+st.9/bin/../lib/gcc/arm-none-eabi/13.3.1/../../../../arm-none-eabi/lib/thumb/v6-m/nofp\libg_nano.a(libc_a-lock.o)
                0x2000084d                __lock___sfp_recursive_mutex
 *fill*         0x2000084e        0x2 
 .bss.__malloc_sbrk_start
                0x20000850        0x4 C:/Users/one/AppData/Local/stm32cube/bundles/gnu-tools-for-stm32/13.3.1+st.9/bin/../lib/gcc/arm-none-eabi/13.3.1/../../../../arm-none-eabi/lib/thumb/v6-m/nofp\libg_nano.a(libc_a-mallocr.o)
                0x20000850                __malloc_sbrk_start
 .bss.__malloc_free_list
                0x20000854        0x4 C:/Users/one/AppData/Local/stm32cube/bundles/gnu-tools-for-stm32/13.3.1+st.9/bin/../lib/gcc/arm-none-eabi/13.3.1/../../../../arm-none-eabi/lib/thumb/v6-m/nofp\libg_nano.a(libc_a-mallocr.o)
                0x20000854                __malloc_free_list
 *(COMMON)
                0x20000858                        . = ALIGN (0x4)
                0x20000858                        _ebss = .
                0x20000858                        __bss_end__ = _ebss
                [!provide]                        PROVIDE (__bss_end = .)
                [!provide]                        PROVIDE (__non_tls_bss_start = ADDR (.bss))
                [!provide]                        PROVIDE (__bss_start = __tbss_start)
                [!provide]                        PROVIDE (__bss_size = (__bss_end - __bss_start))

._user_heap_stack
                0x20000858      0x600 load address 0x0800c490
                0x20000858                        . = ALIGN (0x8)
                [!provide]                        PROVIDE (end = .)
                0x20000858                        PROVIDE (_end = .)
                0x20000a58                        . = (. + _Min_Heap_Size)
 *fill*         0x20000858      0x200 
                0x20000e58                        . = (. + _Min_Stack_Size)
 *fill*         0x20000a58      0x400 
                0x20000e58                        . = ALIGN (0x8)

/DISCARD/
 libc.a:*(*)
 libm.a:*(*)
 libgcc.a:*(*)
OUTPUT(charge_switch.elf elf32-littlearm)
LOAD linker stubs

.ARM.attributes
                0x00000000       0x28
 .ARM.attributes
                0x00000000       0x1e C:/Users/one/AppData/Local/stm32cube/bundles/gnu-tools-for-stm32/13.3.1+st.9/bin/../lib/gcc/arm-none-eabi/13.3.1/thumb/v6-m/nofp/crti.o
 .ARM.attributes
                0x0000001e       0x2c C:/Users/one/AppData/Local/stm32cube/bundles/gnu-tools-for-stm32/13.3.1+st.9/bin/../lib/gcc/arm-none-eabi/13.3.1/thumb/v6-m/nofp/crtbegin.o
 .ARM.attributes
                0x0000004a       0x2c cmake/stm32cubemx/CMakeFiles/STM32_Drivers.dir/__/__/Core/Src/system_stm32l0xx.c.obj
 .ARM.attributes
                0x00000076       0x2c cmake/stm32cubemx/CMakeFiles/STM32_Drivers.dir/__/__/Drivers/STM32L0xx_HAL_Driver/Src/stm32l0xx_hal_adc.c.obj
 .ARM.attributes
                0x000000a2       0x2c cmake/stm32cubemx/CMakeFiles/STM32_Drivers.dir/__/__/Drivers/STM32L0xx_HAL_Driver/Src/stm32l0xx_hal.c.obj
 .ARM.attributes
                0x000000ce       0x2c cmake/stm32cubemx/CMakeFiles/STM32_Drivers.dir/__/__/Drivers/STM32L0xx_HAL_Driver/Src/stm32l0xx_hal_iwdg.c.obj
 .ARM.attributes
                0x000000fa       0x2c cmake/stm32cubemx/CMakeFiles/STM32_Drivers.dir/__/__/Drivers/STM32L0xx_HAL_Driver/Src/stm32l0xx_hal_rcc.c.obj
 .ARM.attributes
                0x00000126       0x2c cmake/stm32cubemx/CMakeFiles/STM32_Drivers.dir/__/__/Drivers/STM32L0xx_HAL_Driver/Src/stm32l0xx_hal_rcc_ex.c.obj
 .ARM.attributes
                0x00000152       0x2c cmake/stm32cubemx/CMakeFiles/STM32_Drivers.dir/__/__/Drivers/STM32L0xx_HAL_Driver/Src/stm32l0xx_hal_gpio.c.obj
 .ARM.attributes
                0x0000017e       0x2c cmake/stm32cubemx/CMakeFiles/STM32_Drivers.dir/__/__/Drivers/STM32L0xx_HAL_Driver/Src/stm32l0xx_hal_dma.c.obj
 .ARM.attributes
                0x000001aa       0x2c cmake/stm32cubemx/CMakeFiles/STM32_Drivers.dir/__/__/Drivers/STM32L0xx_HAL_Driver/Src/stm32l0xx_hal_cortex.c.obj
 .ARM.attributes
                0x000001d6       0x2c cmake/stm32cubemx/CMakeFiles/STM32_Drivers.dir/__/__/Drivers/STM32L0xx_HAL_Driver/Src/stm32l0xx_hal_tim.c.obj
 .ARM.attributes
                0x00000202       0x2c cmake/stm32cubemx/CMakeFiles/STM32_Drivers.dir/__/__/Drivers/STM32L0xx_HAL_Driver/Src/stm32l0xx_hal_tim_ex.c.obj
 .ARM.attributes
                0x0000022e       0x2c cmake/stm32cubemx/CMakeFiles/STM32_Drivers.dir/__/__/Drivers/STM32L0xx_HAL_Driver/Src/stm32l0xx_hal_uart.c.obj
 .ARM.attributes
                0x0000025a       0x2c cmake/stm32cubemx/CMakeFiles/STM32_Drivers.dir/__/__/Drivers/STM32L0xx_HAL_Driver/Src/stm32l0xx_hal_uart_ex.c.obj
 .ARM.attributes
                0x00000286       0x2c CMakeFiles/charge_switch.dir/Core/Src/main.c.obj
 .ARM.attributes
                0x000002b2       0x2c CMakeFiles/charge_switch.dir/Core/Src/gpio.c.obj
 .ARM.attributes
                0x000002de       0x2c CMakeFiles/charge_switch.dir/Core/Src/adc.c.obj
 .ARM.attributes
                0x0000030a       0x2c CMakeFiles/charge_switch.dir/Core/Src/dma.c.obj
 .ARM.attributes
                0x00000336       0x2c CMakeFiles/charge_switch.dir/Core/Src/tim.c.obj
 .ARM.attributes
                0x00000362       0x2c CMakeFiles/charge_switch.dir/Core/Src/usart.c.obj
 .ARM.attributes
                0x0000038e       0x2c CMakeFiles/charge_switch.dir/Core/Src/stm32l0xx_it.c.obj
 .ARM.attributes
                0x000003ba       0x2c CMakeFiles/charge_switch.dir/Core/Src/stm32l0xx_hal_msp.c.obj
 .ARM.attributes
                0x000003e6       0x2c CMakeFiles/charge_switch.dir/Core/Src/sysmem.c.obj
 .ARM.attributes
                0x00000412       0x2c CMakeFiles/charge_switch.dir/Core/Src/syscalls.c.obj
 .ARM.attributes
                0x0000043e       0x22 CMakeFiles/charge_switch.dir/startup_stm32l051xx.s.obj
 .ARM.attributes
                0x00000460       0x1e C:/Users/one/AppData/Local/stm32cube/bundles/gnu-tools-for-stm32/13.3.1+st.9/bin/../lib/gcc/arm-none-eabi/13.3.1/thumb/v6-m/nofp\libgcc.a(_udivsi3.o)
 .ARM.attributes
                0x0000047e       0x1e C:/Users/one/AppData/Local/stm32cube/bundles/gnu-tools-for-stm32/13.3.1+st.9/bin/../lib/gcc/arm-none-eabi/13.3.1/thumb/v6-m/nofp\libgcc.a(_dvmd_tls.o)
 .ARM.attributes
                0x0000049c       0x1e C:/Users/one/AppData/Local/stm32cube/bundles/gnu-tools-for-stm32/13.3.1+st.9/bin/../lib/gcc/arm-none-eabi/13.3.1/thumb/v6-m/nofp\libgcc.a(_arm_cmpsf2.o)
 .ARM.attributes
                0x000004ba       0x1e C:/Users/one/AppData/Local/stm32cube/bundles/gnu-tools-for-stm32/13.3.1+st.9/bin/../lib/gcc/arm-none-eabi/13.3.1/thumb/v6-m/nofp\libgcc.a(_aeabi_uldivmod.o)
 .ARM.attributes
                0x000004d8       0x2c C:/Users/one/AppData/Local/stm32cube/bundles/gnu-tools-for-stm32/13.3.1+st.9/bin/../lib/gcc/arm-none-eabi/13.3.1/thumb/v6-m/nofp\libgcc.a(_udivmoddi4.o)
 .ARM.attributes
                0x00000504       0x2c C:/Users/one/AppData/Local/stm32cube/bundles/gnu-tools-for-stm32/13.3.1+st.9/bin/../lib/gcc/arm-none-eabi/13.3.1/thumb/v6-m/nofp\libgcc.a(addsf3.o)
 .ARM.attributes
                0x00000530       0x2c C:/Users/one/AppData/Local/stm32cube/bundles/gnu-tools-for-stm32/13.3.1+st.9/bin/../lib/gcc/arm-none-eabi/13.3.1/thumb/v6-m/nofp\libgcc.a(divsf3.o)
 .ARM.attributes
                0x0000055c       0x2c C:/Users/one/AppData/Local/stm32cube/bundles/gnu-tools-for-stm32/13.3.1+st.9/bin/../lib/gcc/arm-none-eabi/13.3.1/thumb/v6-m/nofp\libgcc.a(eqsf2.o)
 .ARM.attributes
                0x00000588       0x2c C:/Users/one/AppData/Local/stm32cube/bundles/gnu-tools-for-stm32/13.3.1+st.9/bin/../lib/gcc/arm-none-eabi/13.3.1/thumb/v6-m/nofp\libgcc.a(gesf2.o)
 .ARM.attributes
                0x000005b4       0x2c C:/Users/one/AppData/Local/stm32cube/bundles/gnu-tools-for-stm32/13.3.1+st.9/bin/../lib/gcc/arm-none-eabi/13.3.1/thumb/v6-m/nofp\libgcc.a(lesf2.o)
 .ARM.attributes
                0x000005e0       0x2c C:/Users/one/AppData/Local/stm32cube/bundles/gnu-tools-for-stm32/13.3.1+st.9/bin/../lib/gcc/arm-none-eabi/13.3.1/thumb/v6-m/nofp\libgcc.a(mulsf3.o)
 .ARM.attributes
                0x0000060c       0x2c C:/Users/one/AppData/Local/stm32cube/bundles/gnu-tools-for-stm32/13.3.1+st.9/bin/../lib/gcc/arm-none-eabi/13.3.1/thumb/v6-m/nofp\libgcc.a(floatunsisf.o)
 .ARM.attributes
                0x00000638       0x1e C:/Users/one/AppData/Local/stm32cube/bundles/gnu-tools-for-stm32/13.3.1+st.9/bin/../lib/gcc/arm-none-eabi/13.3.1/thumb/v6-m/nofp\libgcc.a(_clzsi2.o)
 .ARM.attributes
                0x00000656       0x1e C:/Users/one/AppData/Local/stm32cube/bundles/gnu-tools-for-stm32/13.3.1+st.9/bin/../lib/gcc/arm-none-eabi/13.3.1/thumb/v6-m/nofp\libgcc.a(_clzdi2.o)
 .ARM.attributes
                0x00000674       0x2c C:/Users/one/AppData/Local/stm32cube/bundles/gnu-tools-for-stm32/13.3.1+st.9/bin/../lib/gcc/arm-none-eabi/13.3.1/../../../../arm-none-eabi/lib/thumb/v6-m/nofp\libg_nano.a(libc_a-nano-vfprintf_float.o)
 .ARM.attributes